Archive member included to satisfy reference by file (symbol)

c:/program files (x86)/atollic/truestudio for stm32 9.2.0/armtools/bin/../lib/gcc/arm-atollic-eabi/6.3.1/../../../../arm-atollic-eabi/lib/armv7e-m/fpu\libc_nano.a(lib_a-errno.o)
                              Src\syscalls.o (__errno)
c:/program files (x86)/atollic/truestudio for stm32 9.2.0/armtools/bin/../lib/gcc/arm-atollic-eabi/6.3.1/../../../../arm-atollic-eabi/lib/armv7e-m/fpu\libc_nano.a(lib_a-impure.o)
                              c:/program files (x86)/atollic/truestudio for stm32 9.2.0/armtools/bin/../lib/gcc/arm-atollic-eabi/6.3.1/../../../../arm-atollic-eabi/lib/armv7e-m/fpu\libc_nano.a(lib_a-errno.o) (_impure_ptr)
c:/program files (x86)/atollic/truestudio for stm32 9.2.0/armtools/bin/../lib/gcc/arm-atollic-eabi/6.3.1/../../../../arm-atollic-eabi/lib/armv7e-m/fpu\libc_nano.a(lib_a-init.o)
                              startup\startup_stm32f407xx.o (__libc_init_array)
c:/program files (x86)/atollic/truestudio for stm32 9.2.0/armtools/bin/../lib/gcc/arm-atollic-eabi/6.3.1/../../../../arm-atollic-eabi/lib/armv7e-m/fpu\libc_nano.a(lib_a-malloc.o)
                              Middlewares\ST\STM32_USB_Host_Library\Class\CDC\Src\usbh_cdc.o (malloc)
c:/program files (x86)/atollic/truestudio for stm32 9.2.0/armtools/bin/../lib/gcc/arm-atollic-eabi/6.3.1/../../../../arm-atollic-eabi/lib/armv7e-m/fpu\libc_nano.a(lib_a-memset.o)
                              Src\main.o (memset)
c:/program files (x86)/atollic/truestudio for stm32 9.2.0/armtools/bin/../lib/gcc/arm-atollic-eabi/6.3.1/../../../../arm-atollic-eabi/lib/armv7e-m/fpu\libc_nano.a(lib_a-nano-freer.o)
                              c:/program files (x86)/atollic/truestudio for stm32 9.2.0/armtools/bin/../lib/gcc/arm-atollic-eabi/6.3.1/../../../../arm-atollic-eabi/lib/armv7e-m/fpu\libc_nano.a(lib_a-malloc.o) (_free_r)
c:/program files (x86)/atollic/truestudio for stm32 9.2.0/armtools/bin/../lib/gcc/arm-atollic-eabi/6.3.1/../../../../arm-atollic-eabi/lib/armv7e-m/fpu\libc_nano.a(lib_a-nano-mallocr.o)
                              c:/program files (x86)/atollic/truestudio for stm32 9.2.0/armtools/bin/../lib/gcc/arm-atollic-eabi/6.3.1/../../../../arm-atollic-eabi/lib/armv7e-m/fpu\libc_nano.a(lib_a-malloc.o) (_malloc_r)
c:/program files (x86)/atollic/truestudio for stm32 9.2.0/armtools/bin/../lib/gcc/arm-atollic-eabi/6.3.1/../../../../arm-atollic-eabi/lib/armv7e-m/fpu\libc_nano.a(lib_a-sbrkr.o)
                              c:/program files (x86)/atollic/truestudio for stm32 9.2.0/armtools/bin/../lib/gcc/arm-atollic-eabi/6.3.1/../../../../arm-atollic-eabi/lib/armv7e-m/fpu\libc_nano.a(lib_a-nano-mallocr.o) (_sbrk_r)
c:/program files (x86)/atollic/truestudio for stm32 9.2.0/armtools/bin/../lib/gcc/arm-atollic-eabi/6.3.1/../../../../arm-atollic-eabi/lib/armv7e-m/fpu\libc_nano.a(lib_a-mlock.o)
                              c:/program files (x86)/atollic/truestudio for stm32 9.2.0/armtools/bin/../lib/gcc/arm-atollic-eabi/6.3.1/../../../../arm-atollic-eabi/lib/armv7e-m/fpu\libc_nano.a(lib_a-nano-freer.o) (__malloc_lock)
c:/program files (x86)/atollic/truestudio for stm32 9.2.0/armtools/bin/../lib/gcc/arm-atollic-eabi/6.3.1/../../../../arm-atollic-eabi/lib/armv7e-m/fpu\libc_nano.a(lib_a-reent.o)
                              c:/program files (x86)/atollic/truestudio for stm32 9.2.0/armtools/bin/../lib/gcc/arm-atollic-eabi/6.3.1/../../../../arm-atollic-eabi/lib/armv7e-m/fpu\libc_nano.a(lib_a-sbrkr.o) (errno)
c:/program files (x86)/atollic/truestudio for stm32 9.2.0/armtools/bin/../lib/gcc/arm-atollic-eabi/6.3.1/armv7e-m/fpu\libgcc.a(_aeabi_uldivmod.o)
                              Drivers\STM32F4xx_HAL_Driver\Src\stm32f4xx_hal_rcc.o (__aeabi_uldivmod)
c:/program files (x86)/atollic/truestudio for stm32 9.2.0/armtools/bin/../lib/gcc/arm-atollic-eabi/6.3.1/armv7e-m/fpu\libgcc.a(_udivmoddi4.o)
                              c:/program files (x86)/atollic/truestudio for stm32 9.2.0/armtools/bin/../lib/gcc/arm-atollic-eabi/6.3.1/armv7e-m/fpu\libgcc.a(_aeabi_uldivmod.o) (__udivmoddi4)
c:/program files (x86)/atollic/truestudio for stm32 9.2.0/armtools/bin/../lib/gcc/arm-atollic-eabi/6.3.1/armv7e-m/fpu\libgcc.a(_dvmd_tls.o)
                              c:/program files (x86)/atollic/truestudio for stm32 9.2.0/armtools/bin/../lib/gcc/arm-atollic-eabi/6.3.1/armv7e-m/fpu\libgcc.a(_aeabi_uldivmod.o) (__aeabi_ldiv0)

Allocating common symbols
Common symbol       size              file

errno               0x4               c:/program files (x86)/atollic/truestudio for stm32 9.2.0/armtools/bin/../lib/gcc/arm-atollic-eabi/6.3.1/../../../../arm-atollic-eabi/lib/armv7e-m/fpu\libc_nano.a(lib_a-reent.o)
hi2c1               0x54              Src\main.o
hUsbHostFS          0x3cc             Src\usb_host.o
uwTick              0x4               Drivers\STM32F4xx_HAL_Driver\Src\stm32f4xx_hal.o
pFlash              0x20              Drivers\STM32F4xx_HAL_Driver\Src\stm32f4xx_hal_flash.o
[...]
Memory Configuration

Name             Origin             Length             Attributes
RAM              0x20000000         0x00020000         xrw
CCMRAM           0x10000000         0x00010000         rw
FLASH            0x08000000         0x00100000         xr
*default*        0x00000000         0xffffffff

Linker script and memory map

LOAD c:/program files (x86)/atollic/truestudio for stm32 9.2.0/armtools/bin/../lib/gcc/arm-atollic-eabi/6.3.1/armv7e-m/fpu/crti.o
LOAD c:/program files (x86)/atollic/truestudio for stm32 9.2.0/armtools/bin/../lib/gcc/arm-atollic-eabi/6.3.1/armv7e-m/fpu/crtbegin.o
LOAD Drivers\STM32F4xx_HAL_Driver\Src\stm32f4xx_hal.o
LOAD Drivers\STM32F4xx_HAL_Driver\Src\stm32f4xx_hal_cortex.o
LOAD Drivers\STM32F4xx_HAL_Driver\Src\stm32f4xx_hal_dma.o
LOAD Drivers\STM32F4xx_HAL_Driver\Src\stm32f4xx_hal_dma_ex.o
LOAD Drivers\STM32F4xx_HAL_Driver\Src\stm32f4xx_hal_exti.o
LOAD Drivers\STM32F4xx_HAL_Driver\Src\stm32f4xx_hal_flash.o
LOAD Drivers\STM32F4xx_HAL_Driver\Src\stm32f4xx_hal_flash_ex.o
LOAD Drivers\STM32F4xx_HAL_Driver\Src\stm32f4xx_hal_flash_ramfunc.o
LOAD Drivers\STM32F4xx_HAL_Driver\Src\stm32f4xx_hal_gpio.o
LOAD Drivers\STM32F4xx_HAL_Driver\Src\stm32f4xx_hal_hcd.o
LOAD Drivers\STM32F4xx_HAL_Driver\Src\stm32f4xx_hal_i2c.o
LOAD Drivers\STM32F4xx_HAL_Driver\Src\stm32f4xx_hal_i2c_ex.o
LOAD Drivers\STM32F4xx_HAL_Driver\Src\stm32f4xx_hal_pwr.o
LOAD Drivers\STM32F4xx_HAL_Driver\Src\stm32f4xx_hal_pwr_ex.o
LOAD Drivers\STM32F4xx_HAL_Driver\Src\stm32f4xx_hal_rcc.o
LOAD Drivers\STM32F4xx_HAL_Driver\Src\stm32f4xx_hal_rcc_ex.o
LOAD Drivers\STM32F4xx_HAL_Driver\Src\stm32f4xx_hal_spi.o
LOAD Drivers\STM32F4xx_HAL_Driver\Src\stm32f4xx_hal_tim.o
LOAD Drivers\STM32F4xx_HAL_Driver\Src\stm32f4xx_hal_tim_ex.o
LOAD Drivers\STM32F4xx_HAL_Driver\Src\stm32f4xx_hal_uart.o
LOAD Drivers\STM32F4xx_HAL_Driver\Src\stm32f4xx_ll_usb.o
LOAD Middlewares\ST\STM32_USB_Host_Library\Class\CDC\Src\usbh_cdc.o
LOAD Middlewares\ST\STM32_USB_Host_Library\Core\Src\usbh_core.o
LOAD Middlewares\ST\STM32_USB_Host_Library\Core\Src\usbh_ctlreq.o
LOAD Middlewares\ST\STM32_USB_Host_Library\Core\Src\usbh_ioreq.o
LOAD Middlewares\ST\STM32_USB_Host_Library\Core\Src\usbh_pipes.o
LOAD Src\dwt_stm32_delay.o
LOAD Src\main.o
LOAD Src\stm32f4xx_hal_msp.o
LOAD Src\stm32f4xx_it.o
LOAD Src\syscalls.o
LOAD Src\system_stm32f4xx.o
LOAD Src\usb_host.o
LOAD Src\usbh_conf.o
LOAD Src\usbh_platform.o
LOAD software_i2c\sw_i2c.o
LOAD startup\startup_stm32f407xx.o
                0x00000080                malloc_getpagesize_P = 0x80
START GROUP
LOAD c:/program files (x86)/atollic/truestudio for stm32 9.2.0/armtools/bin/../lib/gcc/arm-atollic-eabi/6.3.1/../../../../arm-atollic-eabi/lib/armv7e-m/fpu\libc_nano.a
LOAD c:/program files (x86)/atollic/truestudio for stm32 9.2.0/armtools/bin/../lib/gcc/arm-atollic-eabi/6.3.1/../../../../arm-atollic-eabi/lib/armv7e-m/fpu\libm.a
END GROUP
START GROUP
LOAD c:/program files (x86)/atollic/truestudio for stm32 9.2.0/armtools/bin/../lib/gcc/arm-atollic-eabi/6.3.1/armv7e-m/fpu\libgcc.a
LOAD c:/program files (x86)/atollic/truestudio for stm32 9.2.0/armtools/bin/../lib/gcc/arm-atollic-eabi/6.3.1/../../../../arm-atollic-eabi/lib/armv7e-m/fpu\libc_nano.a
END GROUP
START GROUP
LOAD c:/program files (x86)/atollic/truestudio for stm32 9.2.0/armtools/bin/../lib/gcc/arm-atollic-eabi/6.3.1/armv7e-m/fpu\libgcc.a
LOAD c:/program files (x86)/atollic/truestudio for stm32 9.2.0/armtools/bin/../lib/gcc/arm-atollic-eabi/6.3.1/../../../../arm-atollic-eabi/lib/armv7e-m/fpu\libc_nano.a
LOAD c:/program files (x86)/atollic/truestudio for stm32 9.2.0/armtools/bin/../lib/gcc/arm-atollic-eabi/6.3.1/../../../../arm-atollic-eabi/lib/armv7e-m/fpu\libnosys.a
END GROUP
START GROUP
LOAD c:/program files (x86)/atollic/truestudio for stm32 9.2.0/armtools/bin/../lib/gcc/arm-atollic-eabi/6.3.1/armv7e-m/fpu\libgcc.a
LOAD c:/program files (x86)/atollic/truestudio for stm32 9.2.0/armtools/bin/../lib/gcc/arm-atollic-eabi/6.3.1/../../../../arm-atollic-eabi/lib/armv7e-m/fpu\libc_nano.a
LOAD c:/program files (x86)/atollic/truestudio for stm32 9.2.0/armtools/bin/../lib/gcc/arm-atollic-eabi/6.3.1/../../../../arm-atollic-eabi/lib/armv7e-m/fpu\libnosys.a
END GROUP
LOAD c:/program files (x86)/atollic/truestudio for stm32 9.2.0/armtools/bin/../lib/gcc/arm-atollic-eabi/6.3.1/armv7e-m/fpu/crtend.o
LOAD c:/program files (x86)/atollic/truestudio for stm32 9.2.0/armtools/bin/../lib/gcc/arm-atollic-eabi/6.3.1/armv7e-m/fpu/crtn.o
                0x20020000                _estack = 0x20020000
                0x00000200                _Min_Heap_Size = 0x200
                0x00000400                _Min_Stack_Size = 0x400

.isr_vector     0x08000000      0x188
                0x08000000                . = ALIGN (0x4)
 *(.isr_vector)
 .isr_vector    0x08000000      0x188 startup\startup_stm32f407xx.o
                0x08000000                g_pfnVectors
                0x08000188                . = ALIGN (0x4)

.text           0x08000188     0x738c
                0x08000188                . = ALIGN (0x4)
 *(.text)
 .text          0x08000188       0x40 c:/program files (x86)/atollic/truestudio for stm32 9.2.0/armtools/bin/../lib/gcc/arm-atollic-eabi/6.3.1/armv7e-m/fpu/crtbegin.o
 .text          0x080001c8       0x30 c:/program files (x86)/atollic/truestudio for stm32 9.2.0/armtools/bin/../lib/gcc/arm-atollic-eabi/6.3.1/armv7e-m/fpu\libgcc.a(_aeabi_uldivmod.o)
                0x080001c8                __aeabi_uldivmod
 .text          0x080001f8      0x2dc c:/program files (x86)/atollic/truestudio for stm32 9.2.0/armtools/bin/../lib/gcc/arm-atollic-eabi/6.3.1/armv7e-m/fpu\libgcc.a(_udivmoddi4.o)
                0x080001f8                __udivmoddi4
 .text          0x080004d4        0x4 c:/program files (x86)/atollic/truestudio for stm32 9.2.0/armtools/bin/../lib/gcc/arm-atollic-eabi/6.3.1/armv7e-m/fpu\libgcc.a(_dvmd_tls.o)
                0x080004d4                __aeabi_idiv0
                0x080004d4                __aeabi_ldiv0
 *(.text*)
 .text.HAL_Init
                0x080004d8       0x44 Drivers\STM32F4xx_HAL_Driver\Src\stm32f4xx_hal.o
                0x080004d8                HAL_Init
 .text.HAL_InitTick
                0x0800051c       0x60 Drivers\STM32F4xx_HAL_Driver\Src\stm32f4xx_hal.o
                0x0800051c                HAL_InitTick
 .text.HAL_IncTick
                0x0800057c       0x28 Drivers\STM32F4xx_HAL_Driver\Src\stm32f4xx_hal.o
                0x0800057c                HAL_IncTick
 .text.HAL_GetTick
                0x080005a4       0x18 Drivers\STM32F4xx_HAL_Driver\Src\stm32f4xx_hal.o
                0x080005a4                HAL_GetTick
 .text.HAL_Delay
                0x080005bc       0x44 Drivers\STM32F4xx_HAL_Driver\Src\stm32f4xx_hal.o
                0x080005bc                HAL_Delay
 .text.__NVIC_SetPriorityGrouping
                0x08000600       0x48 Drivers\STM32F4xx_HAL_Driver\Src\stm32f4xx_hal_cortex.o
 .text.__NVIC_GetPriorityGrouping
                0x08000648       0x1c Drivers\STM32F4xx_HAL_Driver\Src\stm32f4xx_hal_cortex.o
 .text.__NVIC_EnableIRQ
                0x08000664       0x3c Drivers\STM32F4xx_HAL_Driver\Src\stm32f4xx_hal_cortex.o
 .text.__NVIC_SetPriority
                0x080006a0       0x54 Drivers\STM32F4xx_HAL_Driver\Src\stm32f4xx_hal_cortex.o
 .text.NVIC_EncodePriority
                0x080006f4       0x62 Drivers\STM32F4xx_HAL_Driver\Src\stm32f4xx_hal_cortex.o
 *fill*         0x08000756        0x2 
 .text.SysTick_Config
                0x08000758       0x44 Drivers\STM32F4xx_HAL_Driver\Src\stm32f4xx_hal_cortex.o
 .text.HAL_NVIC_SetPriorityGrouping
                0x0800079c       0x16 Drivers\STM32F4xx_HAL_Driver\Src\stm32f4xx_hal_cortex.o
                0x0800079c                HAL_NVIC_SetPriorityGrouping
 .text.HAL_NVIC_SetPriority
                0x080007b2       0x38 Drivers\STM32F4xx_HAL_Driver\Src\stm32f4xx_hal_cortex.o
                0x080007b2                HAL_NVIC_SetPriority
 .text.HAL_NVIC_EnableIRQ
                0x080007ea       0x1c Drivers\STM32F4xx_HAL_Driver\Src\stm32f4xx_hal_cortex.o
                0x080007ea                HAL_NVIC_EnableIRQ
 .text.HAL_SYSTICK_Config
                0x08000806       0x18 Drivers\STM32F4xx_HAL_Driver\Src\stm32f4xx_hal_cortex.o
                0x08000806                HAL_SYSTICK_Config
 *fill*         0x0800081e        0x2 
 .text.HAL_GPIO_Init
                0x08000820      0x334 Drivers\STM32F4xx_HAL_Driver\Src\stm32f4xx_hal_gpio.o
                0x08000820                HAL_GPIO_Init
 .text.HAL_GPIO_WritePin
                0x08000b54       0x32 Drivers\STM32F4xx_HAL_Driver\Src\stm32f4xx_hal_gpio.o
                0x08000b54                HAL_GPIO_WritePin
 *fill*         0x08000b86        0x2 
 .text.HAL_GPIO_EXTI_IRQHandler
                0x08000b88       0x30 Drivers\STM32F4xx_HAL_Driver\Src\stm32f4xx_hal_gpio.o
                0x08000b88                HAL_GPIO_EXTI_IRQHandler
 .text.HAL_HCD_Init
                0x08000bb8       0xac Drivers\STM32F4xx_HAL_Driver\Src\stm32f4xx_hal_hcd.o
                0x08000bb8                HAL_HCD_Init
 .text.HAL_HCD_HC_Init
                0x08000c64      0x130 Drivers\STM32F4xx_HAL_Driver\Src\stm32f4xx_hal_hcd.o
                0x08000c64                HAL_HCD_HC_Init
 .text.HAL_HCD_HC_Halt
                0x08000d94       0x46 Drivers\STM32F4xx_HAL_Driver\Src\stm32f4xx_hal_hcd.o
                0x08000d94                HAL_HCD_HC_Halt
 *fill*         0x08000dda        0x2 
 .text.HAL_HCD_HC_SubmitRequest
                0x08000ddc      0x2d0 Drivers\STM32F4xx_HAL_Driver\Src\stm32f4xx_hal_hcd.o
                0x08000ddc                HAL_HCD_HC_SubmitRequest
 .text.HAL_HCD_IRQHandler
                0x080010ac      0x20e Drivers\STM32F4xx_HAL_Driver\Src\stm32f4xx_hal_hcd.o
                0x080010ac                HAL_HCD_IRQHandler
 .text.HAL_HCD_Start
                0x080012ba       0x46 Drivers\STM32F4xx_HAL_Driver\Src\stm32f4xx_hal_hcd.o
                0x080012ba                HAL_HCD_Start
 .text.HAL_HCD_Stop
                0x08001300       0x3a Drivers\STM32F4xx_HAL_Driver\Src\stm32f4xx_hal_hcd.o
                0x08001300                HAL_HCD_Stop
 .text.HAL_HCD_ResetPort
                0x0800133a       0x1c Drivers\STM32F4xx_HAL_Driver\Src\stm32f4xx_hal_hcd.o
                0x0800133a                HAL_HCD_ResetPort
 .text.HAL_HCD_HC_GetURBState
                0x08001356       0x2a Drivers\STM32F4xx_HAL_Driver\Src\stm32f4xx_hal_hcd.o
                0x08001356                HAL_HCD_HC_GetURBState
 .text.HAL_HCD_HC_GetXferCount
                0x08001380       0x2a Drivers\STM32F4xx_HAL_Driver\Src\stm32f4xx_hal_hcd.o
                0x08001380                HAL_HCD_HC_GetXferCount
 .text.HAL_HCD_GetCurrentFrame
                0x080013aa       0x1c Drivers\STM32F4xx_HAL_Driver\Src\stm32f4xx_hal_hcd.o
                0x080013aa                HAL_HCD_GetCurrentFrame
 .text.HAL_HCD_GetCurrentSpeed
                0x080013c6       0x1c Drivers\STM32F4xx_HAL_Driver\Src\stm32f4xx_hal_hcd.o
                0x080013c6                HAL_HCD_GetCurrentSpeed
 .text.HCD_HC_IN_IRQHandler
                0x080013e2      0x742 Drivers\STM32F4xx_HAL_Driver\Src\stm32f4xx_hal_hcd.o
 .text.HCD_HC_OUT_IRQHandler
                0x08001b24      0x6fe Drivers\STM32F4xx_HAL_Driver\Src\stm32f4xx_hal_hcd.o
 *fill*         0x08002222        0x2 
 .text.HCD_RXQLVL_IRQHandler
                0x08002224      0x158 Drivers\STM32F4xx_HAL_Driver\Src\stm32f4xx_hal_hcd.o
 .text.HCD_Port_IRQHandler
                0x0800237c      0x122 Drivers\STM32F4xx_HAL_Driver\Src\stm32f4xx_hal_hcd.o
 *fill*         0x0800249e        0x2 
 .text.HAL_I2C_Init
                0x080024a0      0x250 Drivers\STM32F4xx_HAL_Driver\Src\stm32f4xx_hal_i2c.o
                0x080024a0                HAL_I2C_Init
 .text.HAL_RCC_OscConfig
                0x080026f0      0x484 Drivers\STM32F4xx_HAL_Driver\Src\stm32f4xx_hal_rcc.o
                0x080026f0                HAL_RCC_OscConfig
 .text.HAL_RCC_ClockConfig
                0x08002b74      0x1c4 Drivers\STM32F4xx_HAL_Driver\Src\stm32f4xx_hal_rcc.o
                0x08002b74                HAL_RCC_ClockConfig
 .text.HAL_RCC_GetSysClockFreq
                0x08002d38      0x1b0 Drivers\STM32F4xx_HAL_Driver\Src\stm32f4xx_hal_rcc.o
                0x08002d38                HAL_RCC_GetSysClockFreq
 .text.HAL_RCC_GetHCLKFreq
                0x08002ee8       0x18 Drivers\STM32F4xx_HAL_Driver\Src\stm32f4xx_hal_rcc.o
                0x08002ee8                HAL_RCC_GetHCLKFreq
 .text.HAL_RCC_GetPCLK1Freq
                0x08002f00       0x28 Drivers\STM32F4xx_HAL_Driver\Src\stm32f4xx_hal_rcc.o
                0x08002f00                HAL_RCC_GetPCLK1Freq
 .text.HAL_RCC_GetPCLK2Freq
                0x08002f28       0x28 Drivers\STM32F4xx_HAL_Driver\Src\stm32f4xx_hal_rcc.o
                0x08002f28                HAL_RCC_GetPCLK2Freq
 .text.HAL_SPI_Init
                0x08002f50       0xc6 Drivers\STM32F4xx_HAL_Driver\Src\stm32f4xx_hal_spi.o
                0x08002f50                HAL_SPI_Init
 .text.HAL_UART_Init
                0x08003016       0x9a Drivers\STM32F4xx_HAL_Driver\Src\stm32f4xx_hal_uart.o
                0x08003016                HAL_UART_Init
 .text.UART_SetConfig
                0x080030b0      0x414 Drivers\STM32F4xx_HAL_Driver\Src\stm32f4xx_hal_uart.o
 .text.USB_CoreInit
                0x080034c4       0xc2 Drivers\STM32F4xx_HAL_Driver\Src\stm32f4xx_ll_usb.o
                0x080034c4                USB_CoreInit
 .text.USB_EnableGlobalInt
                0x08003586       0x22 Drivers\STM32F4xx_HAL_Driver\Src\stm32f4xx_ll_usb.o
                0x08003586                USB_EnableGlobalInt
 .text.USB_DisableGlobalInt
                0x080035a8       0x22 Drivers\STM32F4xx_HAL_Driver\Src\stm32f4xx_ll_usb.o
                0x080035a8                USB_DisableGlobalInt
 .text.USB_SetCurrentMode
                0x080035ca       0x54 Drivers\STM32F4xx_HAL_Driver\Src\stm32f4xx_ll_usb.o
                0x080035ca                USB_SetCurrentMode
 *fill*         0x0800361e        0x2 
 .text.USB_FlushTxFifo
                0x08003620       0x4c Drivers\STM32F4xx_HAL_Driver\Src\stm32f4xx_ll_usb.o
                0x08003620                USB_FlushTxFifo
 .text.USB_FlushRxFifo
                0x0800366c       0x44 Drivers\STM32F4xx_HAL_Driver\Src\stm32f4xx_ll_usb.o
                0x0800366c                USB_FlushRxFifo
 .text.USB_WritePacket
                0x080036b0       0x6a Drivers\STM32F4xx_HAL_Driver\Src\stm32f4xx_ll_usb.o
                0x080036b0                USB_WritePacket
 .text.USB_ReadPacket
                0x0800371a       0x52 Drivers\STM32F4xx_HAL_Driver\Src\stm32f4xx_ll_usb.o
                0x0800371a                USB_ReadPacket
 .text.USB_ReadInterrupts
                0x0800376c       0x26 Drivers\STM32F4xx_HAL_Driver\Src\stm32f4xx_ll_usb.o
                0x0800376c                USB_ReadInterrupts
 .text.USB_GetMode
                0x08003792       0x1c Drivers\STM32F4xx_HAL_Driver\Src\stm32f4xx_ll_usb.o
                0x08003792                USB_GetMode
 *fill*         0x080037ae        0x2 
 .text.USB_CoreReset
                0x080037b0       0x68 Drivers\STM32F4xx_HAL_Driver\Src\stm32f4xx_ll_usb.o
 .text.USB_HostInit
                0x08003818      0x17c Drivers\STM32F4xx_HAL_Driver\Src\stm32f4xx_ll_usb.o
                0x08003818                USB_HostInit
 .text.USB_InitFSLSPClkSel
                0x08003994       0x78 Drivers\STM32F4xx_HAL_Driver\Src\stm32f4xx_ll_usb.o
                0x08003994                USB_InitFSLSPClkSel
 .text.USB_ResetPort
                0x08003a0c       0x58 Drivers\STM32F4xx_HAL_Driver\Src\stm32f4xx_ll_usb.o
                0x08003a0c                USB_ResetPort
 .text.USB_DriveVbus
                0x08003a64       0x76 Drivers\STM32F4xx_HAL_Driver\Src\stm32f4xx_ll_usb.o
                0x08003a64                USB_DriveVbus
 .text.USB_GetHostSpeed
                0x08003ada       0x2e Drivers\STM32F4xx_HAL_Driver\Src\stm32f4xx_ll_usb.o
                0x08003ada                USB_GetHostSpeed
 .text.USB_GetCurrentFrame
                0x08003b08       0x22 Drivers\STM32F4xx_HAL_Driver\Src\stm32f4xx_ll_usb.o
                0x08003b08                USB_GetCurrentFrame
 *fill*         0x08003b2a        0x2 
 .text.USB_HC_Init
                0x08003b2c      0x224 Drivers\STM32F4xx_HAL_Driver\Src\stm32f4xx_ll_usb.o
                0x08003b2c                USB_HC_Init
 .text.USB_HC_StartXfer
                0x08003d50      0x290 Drivers\STM32F4xx_HAL_Driver\Src\stm32f4xx_ll_usb.o
                0x08003d50                USB_HC_StartXfer
 .text.USB_HC_ReadInterrupt
                0x08003fe0       0x22 Drivers\STM32F4xx_HAL_Driver\Src\stm32f4xx_ll_usb.o
                0x08003fe0                USB_HC_ReadInterrupt
 .text.USB_HC_Halt
                0x08004002      0x212 Drivers\STM32F4xx_HAL_Driver\Src\stm32f4xx_ll_usb.o
                0x08004002                USB_HC_Halt
 .text.USB_DoPing
                0x08004214       0x78 Drivers\STM32F4xx_HAL_Driver\Src\stm32f4xx_ll_usb.o
                0x08004214                USB_DoPing
 .text.USB_StopHost
                0x0800428c      0x10c Drivers\STM32F4xx_HAL_Driver\Src\stm32f4xx_ll_usb.o
                0x0800428c                USB_StopHost
 .text.USBH_CDC_InterfaceInit
                0x08004398      0x282 Middlewares\ST\STM32_USB_Host_Library\Class\CDC\Src\usbh_cdc.o
 .text.USBH_CDC_InterfaceDeInit
                0x0800461a       0xb2 Middlewares\ST\STM32_USB_Host_Library\Class\CDC\Src\usbh_cdc.o
 .text.USBH_CDC_ClassRequest
                0x080046cc       0x42 Middlewares\ST\STM32_USB_Host_Library\Class\CDC\Src\usbh_cdc.o
 *fill*         0x0800470e        0x2 
 .text.USBH_CDC_Process
                0x08004710      0x12c Middlewares\ST\STM32_USB_Host_Library\Class\CDC\Src\usbh_cdc.o
 .text.USBH_CDC_SOFProcess
                0x0800483c       0x16 Middlewares\ST\STM32_USB_Host_Library\Class\CDC\Src\usbh_cdc.o
 .text.GetLineCoding
                0x08004852       0x3e Middlewares\ST\STM32_USB_Host_Library\Class\CDC\Src\usbh_cdc.o
 .text.SetLineCoding
                0x08004890       0x3e Middlewares\ST\STM32_USB_Host_Library\Class\CDC\Src\usbh_cdc.o
 .text.CDC_ProcessTransmission
                0x080048ce       0xf0 Middlewares\ST\STM32_USB_Host_Library\Class\CDC\Src\usbh_cdc.o
 .text.CDC_ProcessReception
                0x080049be       0xb6 Middlewares\ST\STM32_USB_Host_Library\Class\CDC\Src\usbh_cdc.o
 .text.USBH_CDC_TransmitCallback
                0x08004a74       0x14 Middlewares\ST\STM32_USB_Host_Library\Class\CDC\Src\usbh_cdc.o
                0x08004a74                USBH_CDC_TransmitCallback
 .text.USBH_CDC_ReceiveCallback
                0x08004a88       0x14 Middlewares\ST\STM32_USB_Host_Library\Class\CDC\Src\usbh_cdc.o
                0x08004a88                USBH_CDC_ReceiveCallback
 .text.USBH_CDC_LineCodingChanged
                0x08004a9c       0x14 Middlewares\ST\STM32_USB_Host_Library\Class\CDC\Src\usbh_cdc.o
                0x08004a9c                USBH_CDC_LineCodingChanged
 .text.USBH_Init
                0x08004ab0       0x54 Middlewares\ST\STM32_USB_Host_Library\Core\Src\usbh_core.o
                0x08004ab0                USBH_Init
 .text.DeInitStateMachine
                0x08004b04       0x92 Middlewares\ST\STM32_USB_Host_Library\Core\Src\usbh_core.o
 .text.USBH_RegisterClass
                0x08004b96       0x56 Middlewares\ST\STM32_USB_Host_Library\Core\Src\usbh_core.o
                0x08004b96                USBH_RegisterClass
 .text.USBH_SelectInterface
                0x08004bec       0x38 Middlewares\ST\STM32_USB_Host_Library\Core\Src\usbh_core.o
                0x08004bec                USBH_SelectInterface
 .text.USBH_FindInterface
                0x08004c24       0x8c Middlewares\ST\STM32_USB_Host_Library\Core\Src\usbh_core.o
                0x08004c24                USBH_FindInterface
 .text.USBH_Start
                0x08004cb0       0x20 Middlewares\ST\STM32_USB_Host_Library\Core\Src\usbh_core.o
                0x08004cb0                USBH_Start
 .text.USBH_Process
                0x08004cd0      0x310 Middlewares\ST\STM32_USB_Host_Library\Core\Src\usbh_core.o
                0x08004cd0                USBH_Process
 .text.USBH_HandleEnum
                0x08004fe0      0x234 Middlewares\ST\STM32_USB_Host_Library\Core\Src\usbh_core.o
 .text.USBH_LL_SetTimer
                0x08005214       0x1e Middlewares\ST\STM32_USB_Host_Library\Core\Src\usbh_core.o
                0x08005214                USBH_LL_SetTimer
 .text.USBH_LL_IncTimer
                0x08005232       0x24 Middlewares\ST\STM32_USB_Host_Library\Core\Src\usbh_core.o
                0x08005232                USBH_LL_IncTimer
 .text.USBH_HandleSof
                0x08005256       0x30 Middlewares\ST\STM32_USB_Host_Library\Core\Src\usbh_core.o
 .text.USBH_LL_PortEnabled
                0x08005286       0x1c Middlewares\ST\STM32_USB_Host_Library\Core\Src\usbh_core.o
                0x08005286                USBH_LL_PortEnabled
 .text.USBH_LL_PortDisabled
                0x080052a2       0x1c Middlewares\ST\STM32_USB_Host_Library\Core\Src\usbh_core.o
                0x080052a2                USBH_LL_PortDisabled
 .text.USBH_IsPortEnabled
                0x080052be       0x1a Middlewares\ST\STM32_USB_Host_Library\Core\Src\usbh_core.o
                0x080052be                USBH_IsPortEnabled
 .text.USBH_LL_Connect
                0x080052d8       0x4c Middlewares\ST\STM32_USB_Host_Library\Core\Src\usbh_core.o
                0x080052d8                USBH_LL_Connect
 .text.USBH_LL_Disconnect
                0x08005324       0x5a Middlewares\ST\STM32_USB_Host_Library\Core\Src\usbh_core.o
                0x08005324                USBH_LL_Disconnect
 .text.USBH_Get_DevDesc
                0x0800537e       0x50 Middlewares\ST\STM32_USB_Host_Library\Core\Src\usbh_ctlreq.o
                0x0800537e                USBH_Get_DevDesc
 .text.USBH_Get_CfgDesc
                0x080053ce       0x48 Middlewares\ST\STM32_USB_Host_Library\Core\Src\usbh_ctlreq.o
                0x080053ce                USBH_Get_CfgDesc
 .text.USBH_Get_StringDesc
                0x08005416       0x56 Middlewares\ST\STM32_USB_Host_Library\Core\Src\usbh_ctlreq.o
                0x08005416                USBH_Get_StringDesc
 .text.USBH_GetDescriptor
                0x0800546c       0x6a Middlewares\ST\STM32_USB_Host_Library\Core\Src\usbh_ctlreq.o
                0x0800546c                USBH_GetDescriptor
 .text.USBH_SetAddress
                0x080054d6       0x48 Middlewares\ST\STM32_USB_Host_Library\Core\Src\usbh_ctlreq.o
                0x080054d6                USBH_SetAddress
 .text.USBH_SetCfg
                0x0800551e       0x46 Middlewares\ST\STM32_USB_Host_Library\Core\Src\usbh_ctlreq.o
                0x0800551e                USBH_SetCfg
 .text.USBH_SetFeature
                0x08005564       0x48 Middlewares\ST\STM32_USB_Host_Library\Core\Src\usbh_ctlreq.o
                0x08005564                USBH_SetFeature
 .text.USBH_ClrFeature
                0x080055ac       0x48 Middlewares\ST\STM32_USB_Host_Library\Core\Src\usbh_ctlreq.o
                0x080055ac                USBH_ClrFeature
 .text.USBH_ParseDevDesc
                0x080055f4       0xe0 Middlewares\ST\STM32_USB_Host_Library\Core\Src\usbh_ctlreq.o
 .text.USBH_ParseCfgDesc
                0x080056d4      0x144 Middlewares\ST\STM32_USB_Host_Library\Core\Src\usbh_ctlreq.o
 .text.USBH_ParseInterfaceDesc
                0x08005818       0x5e Middlewares\ST\STM32_USB_Host_Library\Core\Src\usbh_ctlreq.o
 .text.USBH_ParseEPDesc
                0x08005876       0x5a Middlewares\ST\STM32_USB_Host_Library\Core\Src\usbh_ctlreq.o
 .text.USBH_ParseStringDesc
                0x080058d0       0x66 Middlewares\ST\STM32_USB_Host_Library\Core\Src\usbh_ctlreq.o
 .text.USBH_GetNextDesc
                0x08005936       0x36 Middlewares\ST\STM32_USB_Host_Library\Core\Src\usbh_ctlreq.o
                0x08005936                USBH_GetNextDesc
 .text.USBH_CtlReq
                0x0800596c       0x94 Middlewares\ST\STM32_USB_Host_Library\Core\Src\usbh_ctlreq.o
                0x0800596c                USBH_CtlReq
 .text.USBH_HandleControl
                0x08005a00      0x2d4 Middlewares\ST\STM32_USB_Host_Library\Core\Src\usbh_ctlreq.o
 .text.USBH_CtlSendSetup
                0x08005cd4       0x34 Middlewares\ST\STM32_USB_Host_Library\Core\Src\usbh_ioreq.o
                0x08005cd4                USBH_CtlSendSetup
 .text.USBH_CtlSendData
                0x08005d08       0x4a Middlewares\ST\STM32_USB_Host_Library\Core\Src\usbh_ioreq.o
                0x08005d08                USBH_CtlSendData
 .text.USBH_CtlReceiveData
                0x08005d52       0x3c Middlewares\ST\STM32_USB_Host_Library\Core\Src\usbh_ioreq.o
                0x08005d52                USBH_CtlReceiveData
 .text.USBH_BulkSendData
                0x08005d8e       0x4a Middlewares\ST\STM32_USB_Host_Library\Core\Src\usbh_ioreq.o
                0x08005d8e                USBH_BulkSendData
 .text.USBH_BulkReceiveData
                0x08005dd8       0x3c Middlewares\ST\STM32_USB_Host_Library\Core\Src\usbh_ioreq.o
                0x08005dd8                USBH_BulkReceiveData
 .text.USBH_OpenPipe
                0x08005e14       0x3e Middlewares\ST\STM32_USB_Host_Library\Core\Src\usbh_pipes.o
                0x08005e14                USBH_OpenPipe
 .text.USBH_ClosePipe
                0x08005e52       0x20 Middlewares\ST\STM32_USB_Host_Library\Core\Src\usbh_pipes.o
                0x08005e52                USBH_ClosePipe
 .text.USBH_AllocPipe
                0x08005e72       0x3c Middlewares\ST\STM32_USB_Host_Library\Core\Src\usbh_pipes.o
                0x08005e72                USBH_AllocPipe
 .text.USBH_FreePipe
                0x08005eae       0x38 Middlewares\ST\STM32_USB_Host_Library\Core\Src\usbh_pipes.o
                0x08005eae                USBH_FreePipe
 .text.USBH_GetFreePipe
                0x08005ee6       0x46 Middlewares\ST\STM32_USB_Host_Library\Core\Src\usbh_pipes.o
 .text.SwapByte
                0x08005f2c       0x4c Src\main.o
                0x08005f2c                SwapByte
 .text.main     0x08005f78       0xa0 Src\main.o
                0x08005f78                main
 .text.SystemClock_Config
                0x08006018       0xd4 Src\main.o
                0x08006018                SystemClock_Config
 .text.MX_I2C1_Init
                0x080060ec       0x5c Src\main.o
 .text.MX_SPI1_Init
                0x08006148       0x6c Src\main.o
 .text.MX_USART2_UART_Init
                0x080061b4       0x58 Src\main.o
 .text.MX_GPIO_Init
                0x0800620c      0x2cc Src\main.o
 .text.HAL_GPIO_EXTI_Callback
                0x080064d8       0x68 Src\main.o
                0x080064d8                HAL_GPIO_EXTI_Callback
 .text.Error_Handler
                0x08006540        0xe Src\main.o
                0x08006540                Error_Handler
 *fill*         0x0800654e        0x2 
 .text.HAL_MspInit
                0x08006550       0x50 Src\stm32f4xx_hal_msp.o
                0x08006550                HAL_MspInit
 .text.HAL_I2C_MspInit
                0x080065a0       0x90 Src\stm32f4xx_hal_msp.o
                0x080065a0                HAL_I2C_MspInit
 .text.HAL_SPI_MspInit
                0x08006630       0x90 Src\stm32f4xx_hal_msp.o
                0x08006630                HAL_SPI_MspInit
 .text.HAL_UART_MspInit
                0x080066c0       0x90 Src\stm32f4xx_hal_msp.o
                0x080066c0                HAL_UART_MspInit
 .text.NMI_Handler
                0x08006750        0xe Src\stm32f4xx_it.o
                0x08006750                NMI_Handler
 .text.HardFault_Handler
                0x0800675e        0x6 Src\stm32f4xx_it.o
                0x0800675e                HardFault_Handler
 .text.MemManage_Handler
                0x08006764        0x6 Src\stm32f4xx_it.o
                0x08006764                MemManage_Handler
 .text.BusFault_Handler
                0x0800676a        0x6 Src\stm32f4xx_it.o
                0x0800676a                BusFault_Handler
 .text.UsageFault_Handler
                0x08006770        0x6 Src\stm32f4xx_it.o
                0x08006770                UsageFault_Handler
 .text.SVC_Handler
                0x08006776        0xe Src\stm32f4xx_it.o
                0x08006776                SVC_Handler
 .text.DebugMon_Handler
                0x08006784        0xe Src\stm32f4xx_it.o
                0x08006784                DebugMon_Handler
 .text.PendSV_Handler
                0x08006792        0xe Src\stm32f4xx_it.o
                0x08006792                PendSV_Handler
 .text.SysTick_Handler
                0x080067a0        0xc Src\stm32f4xx_it.o
                0x080067a0                SysTick_Handler
 .text.EXTI0_IRQHandler
                0x080067ac        0xe Src\stm32f4xx_it.o
                0x080067ac                EXTI0_IRQHandler
 .text.EXTI15_10_IRQHandler
                0x080067ba       0x18 Src\stm32f4xx_it.o
                0x080067ba                EXTI15_10_IRQHandler
 *fill*         0x080067d2        0x2 
 .text.OTG_FS_IRQHandler
                0x080067d4       0x14 Src\stm32f4xx_it.o
                0x080067d4                OTG_FS_IRQHandler
 .text._sbrk    0x080067e8       0x58 Src\syscalls.o
                0x080067e8                _sbrk
 .text.SystemInit
                0x08006840       0x6c Src\system_stm32f4xx.o
                0x08006840                SystemInit
 .text.MX_USB_HOST_Init
                0x080068ac       0x4c Src\usb_host.o
                0x080068ac                MX_USB_HOST_Init
 .text.MX_USB_HOST_Process
                0x080068f8       0x14 Src\usb_host.o
                0x080068f8                MX_USB_HOST_Process
 .text.USBH_UserProcess
                0x0800690c       0x5c Src\usb_host.o
 .text.HAL_HCD_MspInit
                0x08006968       0xb4 Src\usbh_conf.o
                0x08006968                HAL_HCD_MspInit
 .text.HAL_HCD_SOF_Callback
                0x08006a1c       0x1c Src\usbh_conf.o
                0x08006a1c                HAL_HCD_SOF_Callback
 .text.HAL_HCD_Connect_Callback
                0x08006a38       0x1c Src\usbh_conf.o
                0x08006a38                HAL_HCD_Connect_Callback
 .text.HAL_HCD_Disconnect_Callback
                0x08006a54       0x1c Src\usbh_conf.o
                0x08006a54                HAL_HCD_Disconnect_Callback
 .text.HAL_HCD_HC_NotifyURBChange_Callback
                0x08006a70       0x1c Src\usbh_conf.o
                0x08006a70                HAL_HCD_HC_NotifyURBChange_Callback
 .text.HAL_HCD_PortEnabled_Callback
                0x08006a8c       0x1c Src\usbh_conf.o
                0x08006a8c                HAL_HCD_PortEnabled_Callback
 .text.HAL_HCD_PortDisabled_Callback
                0x08006aa8       0x1c Src\usbh_conf.o
                0x08006aa8                HAL_HCD_PortDisabled_Callback
 .text.USBH_LL_Init
                0x08006ac4       0x78 Src\usbh_conf.o
                0x08006ac4                USBH_LL_Init
 .text.USBH_LL_Start
                0x08006b3c       0x36 Src\usbh_conf.o
                0x08006b3c                USBH_LL_Start
 .text.USBH_LL_Stop
                0x08006b72       0x36 Src\usbh_conf.o
                0x08006b72                USBH_LL_Stop
 .text.USBH_LL_GetSpeed
                0x08006ba8       0x4a Src\usbh_conf.o
                0x08006ba8                USBH_LL_GetSpeed
 .text.USBH_LL_ResetPort
                0x08006bf2       0x36 Src\usbh_conf.o
                0x08006bf2                USBH_LL_ResetPort
 .text.USBH_LL_GetLastXferSize
                0x08006c28       0x26 Src\usbh_conf.o
                0x08006c28                USBH_LL_GetLastXferSize
 .text.USBH_LL_OpenPipe
                0x08006c4e       0x5e Src\usbh_conf.o
                0x08006c4e                USBH_LL_OpenPipe
 .text.USBH_LL_ClosePipe
                0x08006cac       0x3e Src\usbh_conf.o
                0x08006cac                USBH_LL_ClosePipe
 .text.USBH_LL_SubmitURB
                0x08006cea       0x62 Src\usbh_conf.o
                0x08006cea                USBH_LL_SubmitURB
 .text.USBH_LL_GetURBState
                0x08006d4c       0x26 Src\usbh_conf.o
                0x08006d4c                USBH_LL_GetURBState
 .text.USBH_LL_DriverVBUS
                0x08006d72       0x2e Src\usbh_conf.o
                0x08006d72                USBH_LL_DriverVBUS
 .text.USBH_LL_SetToggle
                0x08006da0       0x66 Src\usbh_conf.o
                0x08006da0                USBH_LL_SetToggle
 .text.USBH_Delay
                0x08006e06       0x16 Src\usbh_conf.o
                0x08006e06                USBH_Delay
 .text.USBH_Get_USB_Status
                0x08006e1c       0x58 Src\usbh_conf.o
                0x08006e1c                USBH_Get_USB_Status
 .text.MX_DriverVbusFS
                0x08006e74       0x38 Src\usbh_platform.o
                0x08006e74                MX_DriverVbusFS
 .text.I2C_SDA_SetState
                0x08006eac       0x8c software_i2c\sw_i2c.o
                0x08006eac                I2C_SDA_SetState
 .text.I2C_SCL_SetState
                0x08006f38       0x34 software_i2c\sw_i2c.o
                0x08006f38                I2C_SCL_SetState
 .text.I2C_OnRise
                0x08006f6c       0x5c software_i2c\sw_i2c.o
                0x08006f6c                I2C_OnRise
 .text.I2C_OnFall
                0x08006fc8       0x68 software_i2c\sw_i2c.o
                0x08006fc8                I2C_OnFall
 .text.I2C_ProcessTransmitTail_Rise
                0x08007030       0x8c software_i2c\sw_i2c.o
                0x08007030                I2C_ProcessTransmitTail_Rise
 .text.I2C_ProcRead
                0x080070bc       0x20 software_i2c\sw_i2c.o
                0x080070bc                I2C_ProcRead
 .text.I2C_ProcessBitIn
                0x080070dc       0x6c software_i2c\sw_i2c.o
                0x080070dc                I2C_ProcessBitIn
 .text.I2C_RecByte
                0x08007148       0x6c software_i2c\sw_i2c.o
                0x08007148                I2C_RecByte
 .text.I2C_ProcByteIn
                0x080071b4       0x20 software_i2c\sw_i2c.o
                0x080071b4                I2C_ProcByteIn
 .text.I2C_ProcessBitOut
                0x080071d4       0x48 software_i2c\sw_i2c.o
                0x080071d4                I2C_ProcessBitOut
 .text.I2C_ProcByteOut
                0x0800721c       0x40 software_i2c\sw_i2c.o
                0x0800721c                I2C_ProcByteOut
 .text.I2C_SendBitAck
                0x0800725c       0x30 software_i2c\sw_i2c.o
                0x0800725c                I2C_SendBitAck
 .text.I2C_ProcessTransmitTail_Fall
                0x0800728c       0x1c software_i2c\sw_i2c.o
                0x0800728c                I2C_ProcessTransmitTail_Fall
 .text.Reset_Handler
                0x080072a8       0x50 startup\startup_stm32f407xx.o
                0x080072a8                Reset_Handler
 .text.Default_Handler
                0x080072f8        0x2 startup\startup_stm32f407xx.o
                0x080072f8                RTC_Alarm_IRQHandler
                0x080072f8                HASH_RNG_IRQHandler
                0x080072f8                EXTI2_IRQHandler
                0x080072f8                TIM8_CC_IRQHandler
                0x080072f8                TIM1_CC_IRQHandler
                0x080072f8                DMA2_Stream5_IRQHandler
                0x080072f8                DMA1_Stream5_IRQHandler
                0x080072f8                PVD_IRQHandler
                0x080072f8                SDIO_IRQHandler
                0x080072f8                TAMP_STAMP_IRQHandler
                0x080072f8                CAN2_RX1_IRQHandler
                0x080072f8                EXTI3_IRQHandler
                0x080072f8                TIM8_TRG_COM_TIM14_IRQHandler
                0x080072f8                TIM1_UP_TIM10_IRQHandler
                0x080072f8                TIM8_UP_TIM13_IRQHandler
                0x080072f8                I2C3_ER_IRQHandler
                0x080072f8                I2C2_EV_IRQHandler
                0x080072f8                DMA1_Stream2_IRQHandler
                0x080072f8                CAN1_RX0_IRQHandler
                0x080072f8                FPU_IRQHandler
                0x080072f8                OTG_HS_WKUP_IRQHandler
                0x080072f8                CAN2_SCE_IRQHandler
                0x080072f8                DMA2_Stream2_IRQHandler
                0x080072f8                SPI1_IRQHandler
                0x080072f8                TIM6_DAC_IRQHandler
                0x080072f8                TIM1_BRK_TIM9_IRQHandler
                0x080072f8                DCMI_IRQHandler
                0x080072f8                CAN2_RX0_IRQHandler
                0x080072f8                DMA2_Stream3_IRQHandler
                0x080072f8                USART6_IRQHandler
                0x080072f8                USART3_IRQHandler
                0x080072f8                CAN1_RX1_IRQHandler
                0x080072f8                UART5_IRQHandler
                0x080072f8                DMA2_Stream0_IRQHandler
                0x080072f8                TIM4_IRQHandler
                0x080072f8                I2C1_EV_IRQHandler
                0x080072f8                DMA1_Stream6_IRQHandler
                0x080072f8                DMA1_Stream1_IRQHandler
                0x080072f8                UART4_IRQHandler
                0x080072f8                TIM3_IRQHandler
                0x080072f8                RCC_IRQHandler
                0x080072f8                TIM8_BRK_TIM12_IRQHandler
                0x080072f8                Default_Handler
                0x080072f8                ADC_IRQHandler
                0x080072f8                DMA1_Stream7_IRQHandler
                0x080072f8                TIM7_IRQHandler
                0x080072f8                CAN2_TX_IRQHandler
                0x080072f8                TIM5_IRQHandler
                0x080072f8                DMA2_Stream7_IRQHandler
                0x080072f8                I2C3_EV_IRQHandler
                0x080072f8                EXTI9_5_IRQHandler
                0x080072f8                RTC_WKUP_IRQHandler
                0x080072f8                ETH_WKUP_IRQHandler
                0x080072f8                SPI2_IRQHandler
                0x080072f8                OTG_HS_EP1_IN_IRQHandler
                0x080072f8                DMA1_Stream0_IRQHandler
                0x080072f8                CAN1_TX_IRQHandler
                0x080072f8                EXTI4_IRQHandler
                0x080072f8                FSMC_IRQHandler
                0x080072f8                ETH_IRQHandler
                0x080072f8                OTG_HS_EP1_OUT_IRQHandler
                0x080072f8                WWDG_IRQHandler
                0x080072f8                TIM2_IRQHandler
                0x080072f8                OTG_FS_WKUP_IRQHandler
                0x080072f8                TIM1_TRG_COM_TIM11_IRQHandler
                0x080072f8                OTG_HS_IRQHandler
                0x080072f8                EXTI1_IRQHandler
                0x080072f8                USART2_IRQHandler
                0x080072f8                I2C2_ER_IRQHandler
                0x080072f8                DMA2_Stream1_IRQHandler
                0x080072f8                CAN1_SCE_IRQHandler
                0x080072f8                FLASH_IRQHandler
                0x080072f8                DMA2_Stream4_IRQHandler
                0x080072f8                USART1_IRQHandler
                0x080072f8                SPI3_IRQHandler
                0x080072f8                DMA1_Stream4_IRQHandler
                0x080072f8                I2C1_ER_IRQHandler
                0x080072f8                DMA2_Stream6_IRQHandler
                0x080072f8                DMA1_Stream3_IRQHandler
 *fill*         0x080072fa        0x2 
 .text.__errno  0x080072fc        0xc c:/program files (x86)/atollic/truestudio for stm32 9.2.0/armtools/bin/../lib/gcc/arm-atollic-eabi/6.3.1/../../../../arm-atollic-eabi/lib/armv7e-m/fpu\libc_nano.a(lib_a-errno.o)
                0x080072fc                __errno
 .text.__libc_init_array
                0x08007308       0x48 c:/program files (x86)/atollic/truestudio for stm32 9.2.0/armtools/bin/../lib/gcc/arm-atollic-eabi/6.3.1/../../../../arm-atollic-eabi/lib/armv7e-m/fpu\libc_nano.a(lib_a-init.o)
                0x08007308                __libc_init_array
 .text.malloc   0x08007350       0x10 c:/program files (x86)/atollic/truestudio for stm32 9.2.0/armtools/bin/../lib/gcc/arm-atollic-eabi/6.3.1/../../../../arm-atollic-eabi/lib/armv7e-m/fpu\libc_nano.a(lib_a-malloc.o)
                0x08007350                malloc
 .text.free     0x08007360       0x10 c:/program files (x86)/atollic/truestudio for stm32 9.2.0/armtools/bin/../lib/gcc/arm-atollic-eabi/6.3.1/../../../../arm-atollic-eabi/lib/armv7e-m/fpu\libc_nano.a(lib_a-malloc.o)
                0x08007360                free
 .text.memset   0x08007370       0x10 c:/program files (x86)/atollic/truestudio for stm32 9.2.0/armtools/bin/../lib/gcc/arm-atollic-eabi/6.3.1/../../../../arm-atollic-eabi/lib/armv7e-m/fpu\libc_nano.a(lib_a-memset.o)
                0x08007370                memset
 .text._free_r  0x08007380       0x9c c:/program files (x86)/atollic/truestudio for stm32 9.2.0/armtools/bin/../lib/gcc/arm-atollic-eabi/6.3.1/../../../../arm-atollic-eabi/lib/armv7e-m/fpu\libc_nano.a(lib_a-nano-freer.o)
                0x08007380                _free_r
 .text._malloc_r
                0x0800741c       0xbc c:/program files (x86)/atollic/truestudio for stm32 9.2.0/armtools/bin/../lib/gcc/arm-atollic-eabi/6.3.1/../../../../arm-atollic-eabi/lib/armv7e-m/fpu\libc_nano.a(lib_a-nano-mallocr.o)
                0x0800741c                _malloc_r
 .text._sbrk_r  0x080074d8       0x20 c:/program files (x86)/atollic/truestudio for stm32 9.2.0/armtools/bin/../lib/gcc/arm-atollic-eabi/6.3.1/../../../../arm-atollic-eabi/lib/armv7e-m/fpu\libc_nano.a(lib_a-sbrkr.o)
                0x080074d8                _sbrk_r
 .text.__malloc_lock
                0x080074f8        0x2 c:/program files (x86)/atollic/truestudio for stm32 9.2.0/armtools/bin/../lib/gcc/arm-atollic-eabi/6.3.1/../../../../arm-atollic-eabi/lib/armv7e-m/fpu\libc_nano.a(lib_a-mlock.o)
                0x080074f8                __malloc_lock
 .text.__malloc_unlock
                0x080074fa        0x2 c:/program files (x86)/atollic/truestudio for stm32 9.2.0/armtools/bin/../lib/gcc/arm-atollic-eabi/6.3.1/../../../../arm-atollic-eabi/lib/armv7e-m/fpu\libc_nano.a(lib_a-mlock.o)
                0x080074fa                __malloc_unlock
 *(.glue_7)
 .glue_7        0x080074fc        0x0 linker stubs
 *(.glue_7t)
 .glue_7t       0x080074fc        0x0 linker stubs
 *(.eh_frame)
 .eh_frame      0x080074fc        0x0 c:/program files (x86)/atollic/truestudio for stm32 9.2.0/armtools/bin/../lib/gcc/arm-atollic-eabi/6.3.1/armv7e-m/fpu/crtbegin.o
 *(.init)
 .init          0x080074fc        0x4 c:/program files (x86)/atollic/truestudio for stm32 9.2.0/armtools/bin/../lib/gcc/arm-atollic-eabi/6.3.1/armv7e-m/fpu/crti.o
                0x080074fc                _init
 .init          0x08007500        0x8 c:/program files (x86)/atollic/truestudio for stm32 9.2.0/armtools/bin/../lib/gcc/arm-atollic-eabi/6.3.1/armv7e-m/fpu/crtn.o
 *(.fini)
 .fini          0x08007508        0x4 c:/program files (x86)/atollic/truestudio for stm32 9.2.0/armtools/bin/../lib/gcc/arm-atollic-eabi/6.3.1/armv7e-m/fpu/crti.o
                0x08007508                _fini
 .fini          0x0800750c        0x8 c:/program files (x86)/atollic/truestudio for stm32 9.2.0/armtools/bin/../lib/gcc/arm-atollic-eabi/6.3.1/armv7e-m/fpu/crtn.o
                0x08007514                . = ALIGN (0x4)
                0x08007514                _etext = .

.vfp11_veneer   0x08007514        0x0
 .vfp11_veneer  0x08007514        0x0 linker stubs

.v4_bx          0x08007514        0x0
 .v4_bx         0x08007514        0x0 linker stubs

.iplt           0x08007514        0x0
 .iplt          0x08007514        0x0 c:/program files (x86)/atollic/truestudio for stm32 9.2.0/armtools/bin/../lib/gcc/arm-atollic-eabi/6.3.1/armv7e-m/fpu/crtbegin.o

.rodata         0x08007514       0x1c
                0x08007514                . = ALIGN (0x4)
 *(.rodata)
 .rodata        0x08007514        0x4 Middlewares\ST\STM32_USB_Host_Library\Class\CDC\Src\usbh_cdc.o
 *(.rodata*)
 .rodata.AHBPrescTable
                0x08007518       0x10 Src\system_stm32f4xx.o
                0x08007518                AHBPrescTable
 .rodata.APBPrescTable
                0x08007528        0x8 Src\system_stm32f4xx.o
                0x08007528                APBPrescTable
                0x08007530                . = ALIGN (0x4)

.ARM.extab
 *(.ARM.extab* .gnu.linkonce.armextab.*)

.ARM            0x08007530        0x8
                0x08007530                __exidx_start = .
 *(.ARM.exidx*)
 .ARM.exidx     0x08007530        0x8 c:/program files (x86)/atollic/truestudio for stm32 9.2.0/armtools/bin/../lib/gcc/arm-atollic-eabi/6.3.1/armv7e-m/fpu\libgcc.a(_udivmoddi4.o)
                0x08007538                __exidx_end = .

.rel.dyn        0x08007538        0x0
 .rel.iplt      0x08007538        0x0 c:/program files (x86)/atollic/truestudio for stm32 9.2.0/armtools/bin/../lib/gcc/arm-atollic-eabi/6.3.1/armv7e-m/fpu/crtbegin.o

.preinit_array  0x08007538        0x0
                0x08007538                PROVIDE (__preinit_array_start, .)
 *(.preinit_array*)
                0x08007538                PROVIDE (__preinit_array_end, .)

.init_array     0x08007538        0x4
                0x08007538                PROVIDE (__init_array_start, .)
 *(SORT(.init_array.*))
 *(.init_array*)
 .init_array    0x08007538        0x4 c:/program files (x86)/atollic/truestudio for stm32 9.2.0/armtools/bin/../lib/gcc/arm-atollic-eabi/6.3.1/armv7e-m/fpu/crtbegin.o
                0x0800753c                PROVIDE (__init_array_end, .)

.fini_array     0x0800753c        0x4
                [!provide]                PROVIDE (__fini_array_start, .)
 *(SORT(.fini_array.*))
 *(.fini_array*)
 .fini_array    0x0800753c        0x4 c:/program files (x86)/atollic/truestudio for stm32 9.2.0/armtools/bin/../lib/gcc/arm-atollic-eabi/6.3.1/armv7e-m/fpu/crtbegin.o
                [!provide]                PROVIDE (__fini_array_end, .)
                0x08007540                _sidata = LOADADDR (.data)

.data           0x20000000       0xa4 load address 0x08007540
                0x20000000                . = ALIGN (0x4)
                0x20000000                _sdata = .
 *(.data)
 *(.data*)
 .data.uwTickPrio
                0x20000000        0x4 Drivers\STM32F4xx_HAL_Driver\Src\stm32f4xx_hal.o
                0x20000000                uwTickPrio
 .data.uwTickFreq
                0x20000004        0x1 Drivers\STM32F4xx_HAL_Driver\Src\stm32f4xx_hal.o
                0x20000004                uwTickFreq
 *fill*         0x20000005        0x3 
 .data.CDC_Class
                0x20000008       0x20 Middlewares\ST\STM32_USB_Host_Library\Class\CDC\Src\usbh_cdc.o
                0x20000008                CDC_Class
 .data.SwapByteTable
                0x20000028       0x10 Src\main.o
                0x20000028                SwapByteTable
 .data.SystemCoreClock
                0x20000038        0x4 Src\system_stm32f4xx.o
                0x20000038                SystemCoreClock
 .data.devSlaveAddr
                0x2000003c        0x1 software_i2c\sw_i2c.o
                0x2000003c                devSlaveAddr
 *fill*         0x2000003d        0x3 
 .data._impure_ptr
                0x20000040        0x4 c:/program files (x86)/atollic/truestudio for stm32 9.2.0/armtools/bin/../lib/gcc/arm-atollic-eabi/6.3.1/../../../../arm-atollic-eabi/lib/armv7e-m/fpu\libc_nano.a(lib_a-impure.o)
                0x20000040                _impure_ptr
 .data.impure_data
                0x20000044       0x60 c:/program files (x86)/atollic/truestudio for stm32 9.2.0/armtools/bin/../lib/gcc/arm-atollic-eabi/6.3.1/../../../../arm-atollic-eabi/lib/armv7e-m/fpu\libc_nano.a(lib_a-impure.o)
                0x200000a4                . = ALIGN (0x4)
                0x200000a4                _edata = .
                0x080075e4                _siccmram = LOADADDR (.ccmram)

.igot.plt       0x200000a4        0x0 load address 0x080075e4
 .igot.plt      0x200000a4        0x0 c:/program files (x86)/atollic/truestudio for stm32 9.2.0/armtools/bin/../lib/gcc/arm-atollic-eabi/6.3.1/armv7e-m/fpu/crtbegin.o

.ccmram         0x10000000        0x0 load address 0x080075e4
                0x10000000                . = ALIGN (0x4)
                0x10000000                _sccmram = .
 *(.ccmram)
 *(.ccmram*)
                0x10000000                . = ALIGN (0x4)
                0x10000000                _eccmram = .
                0x10000000                . = ALIGN (0x4)

.bss            0x200000a4      0xbcc
                0x200000a4                _sbss = .
                0x200000a4                __bss_start__ = _sbss
 *(.bss)
 .bss           0x200000a4       0x1c c:/program files (x86)/atollic/truestudio for stm32 9.2.0/armtools/bin/../lib/gcc/arm-atollic-eabi/6.3.1/armv7e-m/fpu/crtbegin.o
 *(.bss*)
 .bss.tmpreg.8310
                0x200000c0        0x4 Drivers\STM32F4xx_HAL_Driver\Src\stm32f4xx_ll_usb.o
 .bss.heap_end.7010
                0x200000c4        0x4 Src\syscalls.o
 .bss.Appli_state
                0x200000c8        0x1 Src\usb_host.o
                0x200000c8                Appli_state
 *fill*         0x200000c9        0x3 
 .bss.startCnt  0x200000cc        0x4 software_i2c\sw_i2c.o
                0x200000cc                startCnt
 .bss.stopCnt   0x200000d0        0x4 software_i2c\sw_i2c.o
                0x200000d0                stopCnt
 .bss.sendArray
                0x200000d4      0x400 software_i2c\sw_i2c.o
                0x200000d4                sendArray
 .bss.sendArrayCnt
                0x200004d4        0x1 software_i2c\sw_i2c.o
                0x200004d4                sendArrayCnt
 *fill*         0x200004d5        0x3 
 .bss.tmpByte   0x200004d8        0x1 software_i2c\sw_i2c.o
                0x200004d8                tmpByte
 *fill*         0x200004d9        0x3 
 .bss.__malloc_free_list
                0x200004dc        0x4 c:/program files (x86)/atollic/truestudio for stm32 9.2.0/armtools/bin/../lib/gcc/arm-atollic-eabi/6.3.1/../../../../arm-atollic-eabi/lib/armv7e-m/fpu\libc_nano.a(lib_a-nano-mallocr.o)
                0x200004dc                __malloc_free_list
 .bss.__malloc_sbrk_start
                0x200004e0        0x4 c:/program files (x86)/atollic/truestudio for stm32 9.2.0/armtools/bin/../lib/gcc/arm-atollic-eabi/6.3.1/../../../../arm-atollic-eabi/lib/armv7e-m/fpu\libc_nano.a(lib_a-nano-mallocr.o)
                0x200004e0                __malloc_sbrk_start
 *(COMMON)
 COMMON         0x200004e4        0x4 Drivers\STM32F4xx_HAL_Driver\Src\stm32f4xx_hal.o
                0x200004e4                uwTick
 COMMON         0x200004e8       0xec Src\main.o
                0x200004e8                hi2c1
                0x2000053c                hspi1
                0x20000594                huart2
 COMMON         0x200005d4      0x3cc Src\usb_host.o
                0x200005d4                hUsbHostFS
 COMMON         0x200009a0      0x2c4 Src\usbh_conf.o
                0x200009a0                hhcd_USB_OTG_FS
 COMMON         0x20000c64        0x6 software_i2c\sw_i2c.o
                0x20000c64                i2cByteDR
                0x20000c68                i2cState
 *fill*         0x20000c6a        0x2 
 COMMON         0x20000c6c        0x4 c:/program files (x86)/atollic/truestudio for stm32 9.2.0/armtools/bin/../lib/gcc/arm-atollic-eabi/6.3.1/../../../../arm-atollic-eabi/lib/armv7e-m/fpu\libc_nano.a(lib_a-reent.o)
                0x20000c6c                errno
                0x20000c70                . = ALIGN (0x4)
                0x20000c70                _ebss = .
                0x20000c70                __bss_end__ = _ebss

._user_heap_stack
                0x20000c70      0x600
                0x20000c70                . = ALIGN (0x4)
                0x20000c70                PROVIDE (end, .)
                [!provide]                PROVIDE (_end, .)
                0x20000e70                . = (. + _Min_Heap_Size)
 *fill*         0x20000c70      0x200 
                0x20001270                . = (. + _Min_Stack_Size)
 *fill*         0x20000e70      0x400 
                0x20001270                . = ALIGN (0x4)

/DISCARD/
 libc.a(*)
 libm.a(*)
 libgcc.a(*)

.ARM.attributes
                0x00000000       0x30
 *(.ARM.attributes)
 .ARM.attributes
                0x00000000       0x22 c:/program files (x86)/atollic/truestudio for stm32 9.2.0/armtools/bin/../lib/gcc/arm-atollic-eabi/6.3.1/armv7e-m/fpu/crti.o
 .ARM.attributes
                0x00000022       0x34 c:/program files (x86)/atollic/truestudio for stm32 9.2.0/armtools/bin/../lib/gcc/arm-atollic-eabi/6.3.1/armv7e-m/fpu/crtbegin.o
 .ARM.attributes
                0x00000056       0x39 Drivers\STM32F4xx_HAL_Driver\Src\stm32f4xx_hal.o
 .ARM.attributes
                0x0000008f       0x39 Drivers\STM32F4xx_HAL_Driver\Src\stm32f4xx_hal_cortex.o
 .ARM.attributes
                0x000000c8       0x39 Drivers\STM32F4xx_HAL_Driver\Src\stm32f4xx_hal_gpio.o
 .ARM.attributes
                0x00000101       0x39 Drivers\STM32F4xx_HAL_Driver\Src\stm32f4xx_hal_hcd.o
 .ARM.attributes
                0x0000013a       0x39 Drivers\STM32F4xx_HAL_Driver\Src\stm32f4xx_hal_i2c.o
 .ARM.attributes
                0x00000173       0x39 Drivers\STM32F4xx_HAL_Driver\Src\stm32f4xx_hal_rcc.o
 .ARM.attributes
                0x000001ac       0x39 Drivers\STM32F4xx_HAL_Driver\Src\stm32f4xx_hal_spi.o
 .ARM.attributes
                0x000001e5       0x39 Drivers\STM32F4xx_HAL_Driver\Src\stm32f4xx_hal_uart.o
 .ARM.attributes
                0x0000021e       0x39 Drivers\STM32F4xx_HAL_Driver\Src\stm32f4xx_ll_usb.o
 .ARM.attributes
                0x00000257       0x39 Middlewares\ST\STM32_USB_Host_Library\Class\CDC\Src\usbh_cdc.o
 .ARM.attributes
                0x00000290       0x39 Middlewares\ST\STM32_USB_Host_Library\Core\Src\usbh_core.o
 .ARM.attributes
                0x000002c9       0x39 Middlewares\ST\STM32_USB_Host_Library\Core\Src\usbh_ctlreq.o
 .ARM.attributes
                0x00000302       0x39 Middlewares\ST\STM32_USB_Host_Library\Core\Src\usbh_ioreq.o
 .ARM.attributes
                0x0000033b       0x39 Middlewares\ST\STM32_USB_Host_Library\Core\Src\usbh_pipes.o
 .ARM.attributes
                0x00000374       0x39 Src\main.o
 .ARM.attributes
                0x000003ad       0x39 Src\stm32f4xx_hal_msp.o
 .ARM.attributes
                0x000003e6       0x39 Src\stm32f4xx_it.o
 .ARM.attributes
                0x0000041f       0x39 Src\syscalls.o
 .ARM.attributes
                0x00000458       0x39 Src\system_stm32f4xx.o
 .ARM.attributes
                0x00000491       0x39 Src\usb_host.o
 .ARM.attributes
                0x000004ca       0x39 Src\usbh_conf.o
 .ARM.attributes
                0x00000503       0x39 Src\usbh_platform.o
 .ARM.attributes
                0x0000053c       0x39 software_i2c\sw_i2c.o
 .ARM.attributes
                0x00000575       0x21 startup\startup_stm32f407xx.o
 .ARM.attributes
                0x00000596       0x34 c:/program files (x86)/atollic/truestudio for stm32 9.2.0/armtools/bin/../lib/gcc/arm-atollic-eabi/6.3.1/../../../../arm-atollic-eabi/lib/armv7e-m/fpu\libc_nano.a(lib_a-errno.o)
 .ARM.attributes
                0x000005ca       0x34 c:/program files (x86)/atollic/truestudio for stm32 9.2.0/armtools/bin/../lib/gcc/arm-atollic-eabi/6.3.1/../../../../arm-atollic-eabi/lib/armv7e-m/fpu\libc_nano.a(lib_a-impure.o)
 .ARM.attributes
                0x000005fe       0x34 c:/program files (x86)/atollic/truestudio for stm32 9.2.0/armtools/bin/../lib/gcc/arm-atollic-eabi/6.3.1/../../../../arm-atollic-eabi/lib/armv7e-m/fpu\libc_nano.a(lib_a-init.o)
 .ARM.attributes
                0x00000632       0x34 c:/program files (x86)/atollic/truestudio for stm32 9.2.0/armtools/bin/../lib/gcc/arm-atollic-eabi/6.3.1/../../../../arm-atollic-eabi/lib/armv7e-m/fpu\libc_nano.a(lib_a-malloc.o)
 .ARM.attributes
                0x00000666       0x34 c:/program files (x86)/atollic/truestudio for stm32 9.2.0/armtools/bin/../lib/gcc/arm-atollic-eabi/6.3.1/../../../../arm-atollic-eabi/lib/armv7e-m/fpu\libc_nano.a(lib_a-memset.o)
 .ARM.attributes
                0x0000069a       0x34 c:/program files (x86)/atollic/truestudio for stm32 9.2.0/armtools/bin/../lib/gcc/arm-atollic-eabi/6.3.1/../../../../arm-atollic-eabi/lib/armv7e-m/fpu\libc_nano.a(lib_a-nano-freer.o)
 .ARM.attributes
                0x000006ce       0x34 c:/program files (x86)/atollic/truestudio for stm32 9.2.0/armtools/bin/../lib/gcc/arm-atollic-eabi/6.3.1/../../../../arm-atollic-eabi/lib/armv7e-m/fpu\libc_nano.a(lib_a-nano-mallocr.o)
 .ARM.attributes
                0x00000702       0x34 c:/program files (x86)/atollic/truestudio for stm32 9.2.0/armtools/bin/../lib/gcc/arm-atollic-eabi/6.3.1/../../../../arm-atollic-eabi/lib/armv7e-m/fpu\libc_nano.a(lib_a-sbrkr.o)
 .ARM.attributes
                0x00000736       0x34 c:/program files (x86)/atollic/truestudio for stm32 9.2.0/armtools/bin/../lib/gcc/arm-atollic-eabi/6.3.1/../../../../arm-atollic-eabi/lib/armv7e-m/fpu\libc_nano.a(lib_a-mlock.o)
 .ARM.attributes
                0x0000076a       0x34 c:/program files (x86)/atollic/truestudio for stm32 9.2.0/armtools/bin/../lib/gcc/arm-atollic-eabi/6.3.1/../../../../arm-atollic-eabi/lib/armv7e-m/fpu\libc_nano.a(lib_a-reent.o)
 .ARM.attributes
                0x0000079e       0x22 c:/program files (x86)/atollic/truestudio for stm32 9.2.0/armtools/bin/../lib/gcc/arm-atollic-eabi/6.3.1/armv7e-m/fpu\libgcc.a(_aeabi_uldivmod.o)
 .ARM.attributes
                0x000007c0       0x34 c:/program files (x86)/atollic/truestudio for stm32 9.2.0/armtools/bin/../lib/gcc/arm-atollic-eabi/6.3.1/armv7e-m/fpu\libgcc.a(_udivmoddi4.o)
 .ARM.attributes
                0x000007f4       0x22 c:/program files (x86)/atollic/truestudio for stm32 9.2.0/armtools/bin/../lib/gcc/arm-atollic-eabi/6.3.1/armv7e-m/fpu\libgcc.a(_dvmd_tls.o)
 .ARM.attributes
                0x00000816       0x22 c:/program files (x86)/atollic/truestudio for stm32 9.2.0/armtools/bin/../lib/gcc/arm-atollic-eabi/6.3.1/armv7e-m/fpu/crtn.o
OUTPUT(stm32f407_lcd_uart_tester.elf elf32-littlearm)

.debug_info     0x00000000    0x17ea0
 .debug_info    0x00000000      0x920 Drivers\STM32F4xx_HAL_Driver\Src\stm32f4xx_hal.o
 .debug_info    0x00000920      0xdd7 Drivers\STM32F4xx_HAL_Driver\Src\stm32f4xx_hal_cortex.o
 .debug_info    0x000016f7      0x763 Drivers\STM32F4xx_HAL_Driver\Src\stm32f4xx_hal_gpio.o
 .debug_info    0x00001e5a      0xdd6 Drivers\STM32F4xx_HAL_Driver\Src\stm32f4xx_hal_hcd.o
 .debug_info    0x00002c30     0x231c Drivers\STM32F4xx_HAL_Driver\Src\stm32f4xx_hal_i2c.o
 .debug_info    0x00004f4c      0x8a4 Drivers\STM32F4xx_HAL_Driver\Src\stm32f4xx_hal_rcc.o
 .debug_info    0x000057f0     0x15d7 Drivers\STM32F4xx_HAL_Driver\Src\stm32f4xx_hal_spi.o
 .debug_info    0x00006dc7     0x11d3 Drivers\STM32F4xx_HAL_Driver\Src\stm32f4xx_hal_uart.o
 .debug_info    0x00007f9a     0x185a Drivers\STM32F4xx_HAL_Driver\Src\stm32f4xx_ll_usb.o
 .debug_info    0x000097f4     0x1a34 Middlewares\ST\STM32_USB_Host_Library\Class\CDC\Src\usbh_cdc.o
 .debug_info    0x0000b228     0x1606 Middlewares\ST\STM32_USB_Host_Library\Core\Src\usbh_core.o
 .debug_info    0x0000c82e     0x16d5 Middlewares\ST\STM32_USB_Host_Library\Core\Src\usbh_ctlreq.o
 .debug_info    0x0000df03     0x1442 Middlewares\ST\STM32_USB_Host_Library\Core\Src\usbh_ioreq.o
 .debug_info    0x0000f345     0x1285 Middlewares\ST\STM32_USB_Host_Library\Core\Src\usbh_pipes.o
 .debug_info    0x000105ca     0x1494 Src\main.o
 .debug_info    0x00011a5e      0xee4 Src\stm32f4xx_hal_msp.o
 .debug_info    0x00012942      0x69a Src\stm32f4xx_it.o
 .debug_info    0x00012fdc      0xf16 Src\syscalls.o
 .debug_info    0x00013ef2      0x505 Src\system_stm32f4xx.o
 .debug_info    0x000143f7     0x11d8 Src\usb_host.o
 .debug_info    0x000155cf     0x215b Src\usbh_conf.o
 .debug_info    0x0001772a      0x22a Src\usbh_platform.o
 .debug_info    0x00017954      0x4e7 software_i2c\sw_i2c.o
 .debug_info    0x00017e3b       0x65 startup\startup_stm32f407xx.o

.debug_abbrev   0x00000000     0x33d0
 .debug_abbrev  0x00000000      0x1c6 Drivers\STM32F4xx_HAL_Driver\Src\stm32f4xx_hal.o
 .debug_abbrev  0x000001c6      0x2f5 Drivers\STM32F4xx_HAL_Driver\Src\stm32f4xx_hal_cortex.o
 .debug_abbrev  0x000004bb      0x1c4 Drivers\STM32F4xx_HAL_Driver\Src\stm32f4xx_hal_gpio.o
 .debug_abbrev  0x0000067f      0x250 Drivers\STM32F4xx_HAL_Driver\Src\stm32f4xx_hal_hcd.o
 .debug_abbrev  0x000008cf      0x24f Drivers\STM32F4xx_HAL_Driver\Src\stm32f4xx_hal_i2c.o
 .debug_abbrev  0x00000b1e      0x240 Drivers\STM32F4xx_HAL_Driver\Src\stm32f4xx_hal_rcc.o
 .debug_abbrev  0x00000d5e      0x23b Drivers\STM32F4xx_HAL_Driver\Src\stm32f4xx_hal_spi.o
 .debug_abbrev  0x00000f99      0x23d Drivers\STM32F4xx_HAL_Driver\Src\stm32f4xx_hal_uart.o
 .debug_abbrev  0x000011d6      0x256 Drivers\STM32F4xx_HAL_Driver\Src\stm32f4xx_ll_usb.o
 .debug_abbrev  0x0000142c      0x301 Middlewares\ST\STM32_USB_Host_Library\Class\CDC\Src\usbh_cdc.o
 .debug_abbrev  0x0000172d      0x34c Middlewares\ST\STM32_USB_Host_Library\Core\Src\usbh_core.o
 .debug_abbrev  0x00001a79      0x305 Middlewares\ST\STM32_USB_Host_Library\Core\Src\usbh_ctlreq.o
 .debug_abbrev  0x00001d7e      0x263 Middlewares\ST\STM32_USB_Host_Library\Core\Src\usbh_ioreq.o
 .debug_abbrev  0x00001fe1      0x29b Middlewares\ST\STM32_USB_Host_Library\Core\Src\usbh_pipes.o
 .debug_abbrev  0x0000227c      0x28a Src\main.o
 .debug_abbrev  0x00002506      0x1b0 Src\stm32f4xx_hal_msp.o
 .debug_abbrev  0x000026b6      0x177 Src\stm32f4xx_it.o
 .debug_abbrev  0x0000282d      0x271 Src\syscalls.o
 .debug_abbrev  0x00002a9e      0x10e Src\system_stm32f4xx.o
 .debug_abbrev  0x00002bac      0x261 Src\usb_host.o
 .debug_abbrev  0x00002e0d      0x342 Src\usbh_conf.o
 .debug_abbrev  0x0000314f       0xff Src\usbh_platform.o
 .debug_abbrev  0x0000324e      0x170 software_i2c\sw_i2c.o
 .debug_abbrev  0x000033be       0x12 startup\startup_stm32f407xx.o

.debug_aranges  0x00000000     0x1218
 .debug_aranges
                0x00000000       0xf0 Drivers\STM32F4xx_HAL_Driver\Src\stm32f4xx_hal.o
 .debug_aranges
                0x000000f0      0x118 Drivers\STM32F4xx_HAL_Driver\Src\stm32f4xx_hal_cortex.o
 .debug_aranges
                0x00000208       0x58 Drivers\STM32F4xx_HAL_Driver\Src\stm32f4xx_hal_gpio.o
 .debug_aranges
                0x00000260       0xf0 Drivers\STM32F4xx_HAL_Driver\Src\stm32f4xx_hal_hcd.o
 .debug_aranges
                0x00000350      0x290 Drivers\STM32F4xx_HAL_Driver\Src\stm32f4xx_hal_i2c.o
 .debug_aranges
                0x000005e0       0x88 Drivers\STM32F4xx_HAL_Driver\Src\stm32f4xx_hal_rcc.o
 .debug_aranges
                0x00000668      0x1d0 Drivers\STM32F4xx_HAL_Driver\Src\stm32f4xx_hal_spi.o
 .debug_aranges
                0x00000838      0x1d0 Drivers\STM32F4xx_HAL_Driver\Src\stm32f4xx_hal_uart.o
 .debug_aranges
                0x00000a08      0x198 Drivers\STM32F4xx_HAL_Driver\Src\stm32f4xx_ll_usb.o
 .debug_aranges
                0x00000ba0       0xa8 Middlewares\ST\STM32_USB_Host_Library\Class\CDC\Src\usbh_cdc.o
 .debug_aranges
                0x00000c48       0xc0 Middlewares\ST\STM32_USB_Host_Library\Core\Src\usbh_core.o
 .debug_aranges
                0x00000d08       0xa0 Middlewares\ST\STM32_USB_Host_Library\Core\Src\usbh_ctlreq.o
 .debug_aranges
                0x00000da8       0x60 Middlewares\ST\STM32_USB_Host_Library\Core\Src\usbh_ioreq.o
 .debug_aranges
                0x00000e08       0x40 Middlewares\ST\STM32_USB_Host_Library\Core\Src\usbh_pipes.o
 .debug_aranges
                0x00000e48       0x60 Src\main.o
 .debug_aranges
                0x00000ea8       0x50 Src\stm32f4xx_hal_msp.o
 .debug_aranges
                0x00000ef8       0x78 Src\stm32f4xx_it.o
 .debug_aranges
                0x00000f70       0xb0 Src\syscalls.o
 .debug_aranges
                0x00001020       0x28 Src\system_stm32f4xx.o
 .debug_aranges
                0x00001048       0x30 Src\usb_host.o
 .debug_aranges
                0x00001078       0xd8 Src\usbh_conf.o
 .debug_aranges
                0x00001150       0x20 Src\usbh_platform.o
 .debug_aranges
                0x00001170       0x80 software_i2c\sw_i2c.o
 .debug_aranges
                0x000011f0       0x28 startup\startup_stm32f407xx.o

.debug_ranges   0x00000000     0x10c0
 .debug_ranges  0x00000000       0xe0 Drivers\STM32F4xx_HAL_Driver\Src\stm32f4xx_hal.o
 .debug_ranges  0x000000e0      0x108 Drivers\STM32F4xx_HAL_Driver\Src\stm32f4xx_hal_cortex.o
 .debug_ranges  0x000001e8       0x48 Drivers\STM32F4xx_HAL_Driver\Src\stm32f4xx_hal_gpio.o
 .debug_ranges  0x00000230       0xe0 Drivers\STM32F4xx_HAL_Driver\Src\stm32f4xx_hal_hcd.o
 .debug_ranges  0x00000310      0x2a0 Drivers\STM32F4xx_HAL_Driver\Src\stm32f4xx_hal_i2c.o
 .debug_ranges  0x000005b0       0x78 Drivers\STM32F4xx_HAL_Driver\Src\stm32f4xx_hal_rcc.o
 .debug_ranges  0x00000628      0x1c0 Drivers\STM32F4xx_HAL_Driver\Src\stm32f4xx_hal_spi.o
 .debug_ranges  0x000007e8      0x1c0 Drivers\STM32F4xx_HAL_Driver\Src\stm32f4xx_hal_uart.o
 .debug_ranges  0x000009a8      0x188 Drivers\STM32F4xx_HAL_Driver\Src\stm32f4xx_ll_usb.o
 .debug_ranges  0x00000b30       0x98 Middlewares\ST\STM32_USB_Host_Library\Class\CDC\Src\usbh_cdc.o
 .debug_ranges  0x00000bc8       0xb0 Middlewares\ST\STM32_USB_Host_Library\Core\Src\usbh_core.o
 .debug_ranges  0x00000c78       0x90 Middlewares\ST\STM32_USB_Host_Library\Core\Src\usbh_ctlreq.o
 .debug_ranges  0x00000d08       0x50 Middlewares\ST\STM32_USB_Host_Library\Core\Src\usbh_ioreq.o
 .debug_ranges  0x00000d58       0x30 Middlewares\ST\STM32_USB_Host_Library\Core\Src\usbh_pipes.o
 .debug_ranges  0x00000d88       0x50 Src\main.o
 .debug_ranges  0x00000dd8       0x40 Src\stm32f4xx_hal_msp.o
 .debug_ranges  0x00000e18       0x68 Src\stm32f4xx_it.o
 .debug_ranges  0x00000e80       0xa0 Src\syscalls.o
 .debug_ranges  0x00000f20       0x18 Src\system_stm32f4xx.o
 .debug_ranges  0x00000f38       0x20 Src\usb_host.o
 .debug_ranges  0x00000f58       0xc8 Src\usbh_conf.o
 .debug_ranges  0x00001020       0x10 Src\usbh_platform.o
 .debug_ranges  0x00001030       0x70 software_i2c\sw_i2c.o
 .debug_ranges  0x000010a0       0x20 startup\startup_stm32f407xx.o

.debug_line     0x00000000     0x8575
 .debug_line    0x00000000      0x41c Drivers\STM32F4xx_HAL_Driver\Src\stm32f4xx_hal.o
 .debug_line    0x0000041c      0x540 Drivers\STM32F4xx_HAL_Driver\Src\stm32f4xx_hal_cortex.o
 .debug_line    0x0000095c      0x403 Drivers\STM32F4xx_HAL_Driver\Src\stm32f4xx_hal_gpio.o
 .debug_line    0x00000d5f      0x6b8 Drivers\STM32F4xx_HAL_Driver\Src\stm32f4xx_hal_hcd.o
 .debug_line    0x00001417     0x1612 Drivers\STM32F4xx_HAL_Driver\Src\stm32f4xx_hal_i2c.o
 .debug_line    0x00002a29      0x499 Drivers\STM32F4xx_HAL_Driver\Src\stm32f4xx_hal_rcc.o
 .debug_line    0x00002ec2      0xbd5 Drivers\STM32F4xx_HAL_Driver\Src\stm32f4xx_hal_spi.o
 .debug_line    0x00003a97      0xb32 Drivers\STM32F4xx_HAL_Driver\Src\stm32f4xx_hal_uart.o
 .debug_line    0x000045c9      0x955 Drivers\STM32F4xx_HAL_Driver\Src\stm32f4xx_ll_usb.o
 .debug_line    0x00004f1e      0x58b Middlewares\ST\STM32_USB_Host_Library\Class\CDC\Src\usbh_cdc.o
 .debug_line    0x000054a9      0x63c Middlewares\ST\STM32_USB_Host_Library\Core\Src\usbh_core.o
 .debug_line    0x00005ae5      0x5b0 Middlewares\ST\STM32_USB_Host_Library\Core\Src\usbh_ctlreq.o
 .debug_line    0x00006095      0x3b7 Middlewares\ST\STM32_USB_Host_Library\Core\Src\usbh_ioreq.o
 .debug_line    0x0000644c      0x36f Middlewares\ST\STM32_USB_Host_Library\Core\Src\usbh_pipes.o
 .debug_line    0x000067bb      0x40b Src\main.o
 .debug_line    0x00006bc6      0x2ec Src\stm32f4xx_hal_msp.o
 .debug_line    0x00006eb2      0x2e3 Src\stm32f4xx_it.o
 .debug_line    0x00007195      0x3d8 Src\syscalls.o
 .debug_line    0x0000756d      0x1d9 Src\system_stm32f4xx.o
 .debug_line    0x00007746      0x36e Src\usb_host.o
 .debug_line    0x00007ab4      0x57e Src\usbh_conf.o
 .debug_line    0x00008032      0x1e8 Src\usbh_platform.o
 .debug_line    0x0000821a      0x2dc software_i2c\sw_i2c.o
 .debug_line    0x000084f6       0x7f startup\startup_stm32f407xx.o

.debug_str      0x00000000     0x5ba1
 .debug_str     0x00000000      0xaef Drivers\STM32F4xx_HAL_Driver\Src\stm32f4xx_hal.o
                                0xb5d (size before relaxing)
 .debug_str     0x00000aef      0x4e6 Drivers\STM32F4xx_HAL_Driver\Src\stm32f4xx_hal_cortex.o
                                0xc6d (size before relaxing)
 .debug_str     0x00000fd5      0x1d8 Drivers\STM32F4xx_HAL_Driver\Src\stm32f4xx_hal_gpio.o
                                0x533 (size before relaxing)
 .debug_str     0x000011ad      0x760 Drivers\STM32F4xx_HAL_Driver\Src\stm32f4xx_hal_hcd.o
                                0xa0b (size before relaxing)
 .debug_str     0x0000190d      0xca3 Drivers\STM32F4xx_HAL_Driver\Src\stm32f4xx_hal_i2c.o
                                0xfdb (size before relaxing)
 .debug_str     0x000025b0      0x2de Drivers\STM32F4xx_HAL_Driver\Src\stm32f4xx_hal_rcc.o
                                0x6df (size before relaxing)
 .debug_str     0x0000288e      0x6cc Drivers\STM32F4xx_HAL_Driver\Src\stm32f4xx_hal_spi.o
                                0xbe0 (size before relaxing)
 .debug_str     0x00002f5a      0x67d Drivers\STM32F4xx_HAL_Driver\Src\stm32f4xx_hal_uart.o
                                0xbe4 (size before relaxing)
 .debug_str     0x000035d7      0x609 Drivers\STM32F4xx_HAL_Driver\Src\stm32f4xx_ll_usb.o
                                0xc68 (size before relaxing)
 .debug_str     0x00003be0     0x1162 Middlewares\ST\STM32_USB_Host_Library\Class\CDC\Src\usbh_cdc.o
                               0x14ae (size before relaxing)
 .debug_str     0x00004d42      0x209 Middlewares\ST\STM32_USB_Host_Library\Core\Src\usbh_core.o
                               0x1039 (size before relaxing)
 .debug_str     0x00004f4b      0x222 Middlewares\ST\STM32_USB_Host_Library\Core\Src\usbh_ctlreq.o
                               0x10b5 (size before relaxing)
 .debug_str     0x0000516d       0xfe Middlewares\ST\STM32_USB_Host_Library\Core\Src\usbh_ioreq.o
                                0xf30 (size before relaxing)
 .debug_str     0x0000526b       0x97 Middlewares\ST\STM32_USB_Host_Library\Core\Src\usbh_pipes.o
                                0xeb5 (size before relaxing)
 .debug_str     0x00005302      0x1b4 Src\main.o
                               0x13a7 (size before relaxing)
 .debug_str     0x000054b6       0x1b Src\stm32f4xx_hal_msp.o
                                0xc1a (size before relaxing)
 .debug_str     0x000054d1      0x103 Src\stm32f4xx_it.o
                                0x6fa (size before relaxing)
 .debug_str     0x000055d4      0x22a Src\syscalls.o
                                0x845 (size before relaxing)
 .debug_str     0x000057fe       0x45 Src\system_stm32f4xx.o
                                0x397 (size before relaxing)
 .debug_str     0x00005843       0xbe Src\usb_host.o
                                0xec3 (size before relaxing)
 .debug_str     0x00005901      0x165 Src\usbh_conf.o
                               0x1bb4 (size before relaxing)
 .debug_str     0x00005a66       0x27 Src\usbh_platform.o
                                0x293 (size before relaxing)
 .debug_str     0x00005a8d      0x114 software_i2c\sw_i2c.o
                                0x466 (size before relaxing)

.comment        0x00000000       0x7c
 .comment       0x00000000       0x7c Drivers\STM32F4xx_HAL_Driver\Src\stm32f4xx_hal.o
                                 0x7d (size before relaxing)
 .comment       0x0000007c       0x7d Drivers\STM32F4xx_HAL_Driver\Src\stm32f4xx_hal_cortex.o
 .comment       0x0000007c       0x7d Drivers\STM32F4xx_HAL_Driver\Src\stm32f4xx_hal_gpio.o
 .comment       0x0000007c       0x7d Drivers\STM32F4xx_HAL_Driver\Src\stm32f4xx_hal_hcd.o
 .comment       0x0000007c       0x7d Drivers\STM32F4xx_HAL_Driver\Src\stm32f4xx_hal_i2c.o
 .comment       0x0000007c       0x7d Drivers\STM32F4xx_HAL_Driver\Src\stm32f4xx_hal_rcc.o
 .comment       0x0000007c       0x7d Drivers\STM32F4xx_HAL_Driver\Src\stm32f4xx_hal_spi.o
 .comment       0x0000007c       0x7d Drivers\STM32F4xx_HAL_Driver\Src\stm32f4xx_hal_uart.o
 .comment       0x0000007c       0x7d Drivers\STM32F4xx_HAL_Driver\Src\stm32f4xx_ll_usb.o
 .comment       0x0000007c       0x7d Middlewares\ST\STM32_USB_Host_Library\Class\CDC\Src\usbh_cdc.o
 .comment       0x0000007c       0x7d Middlewares\ST\STM32_USB_Host_Library\Core\Src\usbh_core.o
 .comment       0x0000007c       0x7d Middlewares\ST\STM32_USB_Host_Library\Core\Src\usbh_ctlreq.o
 .comment       0x0000007c       0x7d Middlewares\ST\STM32_USB_Host_Library\Core\Src\usbh_ioreq.o
 .comment       0x0000007c       0x7d Middlewares\ST\STM32_USB_Host_Library\Core\Src\usbh_pipes.o
 .comment       0x0000007c       0x7d Src\main.o
 .comment       0x0000007c       0x7d Src\stm32f4xx_hal_msp.o
 .comment       0x0000007c       0x7d Src\stm32f4xx_it.o
 .comment       0x0000007c       0x7d Src\syscalls.o
 .comment       0x0000007c       0x7d Src\system_stm32f4xx.o
 .comment       0x0000007c       0x7d Src\usb_host.o
 .comment       0x0000007c       0x7d Src\usbh_conf.o
 .comment       0x0000007c       0x7d Src\usbh_platform.o
 .comment       0x0000007c       0x7d software_i2c\sw_i2c.o

.debug_frame    0x00000000     0x4cc8
 .debug_frame   0x00000000      0x374 Drivers\STM32F4xx_HAL_Driver\Src\stm32f4xx_hal.o
 .debug_frame   0x00000374      0x498 Drivers\STM32F4xx_HAL_Driver\Src\stm32f4xx_hal_cortex.o
 .debug_frame   0x0000080c      0x14c Drivers\STM32F4xx_HAL_Driver\Src\stm32f4xx_hal_gpio.o
 .debug_frame   0x00000958      0x428 Drivers\STM32F4xx_HAL_Driver\Src\stm32f4xx_hal_hcd.o
 .debug_frame   0x00000d80      0xc10 Drivers\STM32F4xx_HAL_Driver\Src\stm32f4xx_hal_i2c.o
 .debug_frame   0x00001990      0x1f8 Drivers\STM32F4xx_HAL_Driver\Src\stm32f4xx_hal_rcc.o
 .debug_frame   0x00001b88      0x820 Drivers\STM32F4xx_HAL_Driver\Src\stm32f4xx_hal_spi.o
 .debug_frame   0x000023a8      0x83c Drivers\STM32F4xx_HAL_Driver\Src\stm32f4xx_hal_uart.o
 .debug_frame   0x00002be4      0x790 Drivers\STM32F4xx_HAL_Driver\Src\stm32f4xx_ll_usb.o
 .debug_frame   0x00003374      0x2c0 Middlewares\ST\STM32_USB_Host_Library\Class\CDC\Src\usbh_cdc.o
 .debug_frame   0x00003634      0x334 Middlewares\ST\STM32_USB_Host_Library\Core\Src\usbh_core.o
 .debug_frame   0x00003968      0x28c Middlewares\ST\STM32_USB_Host_Library\Core\Src\usbh_ctlreq.o
 .debug_frame   0x00003bf4      0x154 Middlewares\ST\STM32_USB_Host_Library\Core\Src\usbh_ioreq.o
 .debug_frame   0x00003d48       0xcc Middlewares\ST\STM32_USB_Host_Library\Core\Src\usbh_pipes.o
 .debug_frame   0x00003e14      0x13c Src\main.o
 .debug_frame   0x00003f50      0x10c Src\stm32f4xx_hal_msp.o
 .debug_frame   0x0000405c      0x160 Src\stm32f4xx_it.o
 .debug_frame   0x000041bc      0x2d4 Src\syscalls.o
 .debug_frame   0x00004490       0x58 Src\system_stm32f4xx.o
 .debug_frame   0x000044e8       0x70 Src\usb_host.o
 .debug_frame   0x00004558      0x388 Src\usbh_conf.o
 .debug_frame   0x000048e0       0x34 Src\usbh_platform.o
 .debug_frame   0x00004914      0x19c software_i2c\sw_i2c.o
 .debug_frame   0x00004ab0       0x20 c:/program files (x86)/atollic/truestudio for stm32 9.2.0/armtools/bin/../lib/gcc/arm-atollic-eabi/6.3.1/../../../../arm-atollic-eabi/lib/armv7e-m/fpu\libc_nano.a(lib_a-errno.o)
 .debug_frame   0x00004ad0       0x2c c:/program files (x86)/atollic/truestudio for stm32 9.2.0/armtools/bin/../lib/gcc/arm-atollic-eabi/6.3.1/../../../../arm-atollic-eabi/lib/armv7e-m/fpu\libc_nano.a(lib_a-init.o)
 .debug_frame   0x00004afc       0x30 c:/program files (x86)/atollic/truestudio for stm32 9.2.0/armtools/bin/../lib/gcc/arm-atollic-eabi/6.3.1/../../../../arm-atollic-eabi/lib/armv7e-m/fpu\libc_nano.a(lib_a-malloc.o)
 .debug_frame   0x00004b2c       0x20 c:/program files (x86)/atollic/truestudio for stm32 9.2.0/armtools/bin/../lib/gcc/arm-atollic-eabi/6.3.1/../../../../arm-atollic-eabi/lib/armv7e-m/fpu\libc_nano.a(lib_a-memset.o)
 .debug_frame   0x00004b4c       0x38 c:/program files (x86)/atollic/truestudio for stm32 9.2.0/armtools/bin/../lib/gcc/arm-atollic-eabi/6.3.1/../../../../arm-atollic-eabi/lib/armv7e-m/fpu\libc_nano.a(lib_a-nano-freer.o)
 .debug_frame   0x00004b84       0x2c c:/program files (x86)/atollic/truestudio for stm32 9.2.0/armtools/bin/../lib/gcc/arm-atollic-eabi/6.3.1/../../../../arm-atollic-eabi/lib/armv7e-m/fpu\libc_nano.a(lib_a-nano-mallocr.o)
 .debug_frame   0x00004bb0       0x2c c:/program files (x86)/atollic/truestudio for stm32 9.2.0/armtools/bin/../lib/gcc/arm-atollic-eabi/6.3.1/../../../../arm-atollic-eabi/lib/armv7e-m/fpu\libc_nano.a(lib_a-sbrkr.o)
 .debug_frame   0x00004bdc       0x30 c:/program files (x86)/atollic/truestudio for stm32 9.2.0/armtools/bin/../lib/gcc/arm-atollic-eabi/6.3.1/../../../../arm-atollic-eabi/lib/armv7e-m/fpu\libc_nano.a(lib_a-mlock.o)
 .debug_frame   0x00004c0c       0x5c c:/program files (x86)/atollic/truestudio for stm32 9.2.0/armtools/bin/../lib/gcc/arm-atollic-eabi/6.3.1/../../../../arm-atollic-eabi/lib/armv7e-m/fpu\libc_nano.a(lib_a-reent.o)
 .debug_frame   0x00004c68       0x2c c:/program files (x86)/atollic/truestudio for stm32 9.2.0/armtools/bin/../lib/gcc/arm-atollic-eabi/6.3.1/armv7e-m/fpu\libgcc.a(_aeabi_uldivmod.o)
 .debug_frame   0x00004c94       0x34 c:/program files (x86)/atollic/truestudio for stm32 9.2.0/armtools/bin/../lib/gcc/arm-atollic-eabi/6.3.1/armv7e-m/fpu\libgcc.a(_udivmoddi4.o)
