stm32f4xx_hal_spi.c:309:19:HAL_SPI_Init	16	static
stm32f4xx_hal_spi.c:411:19:HAL_SPI_DeInit	16	static
stm32f4xx_hal_spi.c:455:13:HAL_SPI_MspInit	16	static
stm32f4xx_hal_spi.c:471:13:HAL_SPI_MspDeInit	16	static
stm32f4xx_hal_spi.c:742:19:HAL_SPI_Transmit	40	static
stm32f4xx_hal_spi.c:905:19:HAL_SPI_Receive	40	static
stm32f4xx_hal_spi.c:1096:19:HAL_SPI_TransmitReceive	56	static
stm32f4xx_hal_spi.c:1315:19:HAL_SPI_Transmit_IT	32	static
stm32f4xx_hal_spi.c:1398:19:HAL_SPI_Receive_IT	32	static
stm32f4xx_hal_spi.c:1490:19:HAL_SPI_TransmitReceive_IT	32	static
stm32f4xx_hal_spi.c:1578:19:HAL_SPI_Transmit_DMA	32	static
stm32f4xx_hal_spi.c:1683:19:HAL_SPI_Receive_DMA	32	static
stm32f4xx_hal_spi.c:1795:19:HAL_SPI_TransmitReceive_DMA	32	static
stm32f4xx_hal_spi.c:1939:19:HAL_SPI_Abort	40	static
stm32f4xx_hal_spi.c:2086:19:HAL_SPI_Abort_IT	40	static
stm32f4xx_hal_spi.c:2248:19:HAL_SPI_DMAPause	16	static
stm32f4xx_hal_spi.c:2268:19:HAL_SPI_DMAResume	16	static
stm32f4xx_hal_spi.c:2288:19:HAL_SPI_DMAStop	24	static
stm32f4xx_hal_spi.c:2328:6:HAL_SPI_IRQHandler	40	static
stm32f4xx_hal_spi.c:2434:13:HAL_SPI_TxCpltCallback	16	static
stm32f4xx_hal_spi.c:2450:13:HAL_SPI_RxCpltCallback	16	static
stm32f4xx_hal_spi.c:2466:13:HAL_SPI_TxRxCpltCallback	16	static
stm32f4xx_hal_spi.c:2482:13:HAL_SPI_TxHalfCpltCallback	16	static
stm32f4xx_hal_spi.c:2498:13:HAL_SPI_RxHalfCpltCallback	16	static
stm32f4xx_hal_spi.c:2514:13:HAL_SPI_TxRxHalfCpltCallback	16	static
stm32f4xx_hal_spi.c:2530:13:HAL_SPI_ErrorCallback	16	static
stm32f4xx_hal_spi.c:2548:13:HAL_SPI_AbortCpltCallback	16	static
stm32f4xx_hal_spi.c:2583:22:HAL_SPI_GetState	16	static
stm32f4xx_hal_spi.c:2595:10:HAL_SPI_GetError	16	static
stm32f4xx_hal_spi.c:2620:13:SPI_DMATransmitCplt	32	static
stm32f4xx_hal_spi.c:2677:13:SPI_DMAReceiveCplt	24	static
stm32f4xx_hal_spi.c:2752:13:SPI_DMATransmitReceiveCplt	24	static
stm32f4xx_hal_spi.c:2827:13:SPI_DMAHalfTransmitCplt	24	static
stm32f4xx_hal_spi.c:2845:13:SPI_DMAHalfReceiveCplt	24	static
stm32f4xx_hal_spi.c:2863:13:SPI_DMAHalfTransmitReceiveCplt	24	static
stm32f4xx_hal_spi.c:2881:13:SPI_DMAError	24	static
stm32f4xx_hal_spi.c:2904:13:SPI_DMAAbortOnError	24	static
stm32f4xx_hal_spi.c:2926:13:SPI_DMATxAbortCallback	32	static
stm32f4xx_hal_spi.c:2992:13:SPI_DMARxAbortCallback	32	static
stm32f4xx_hal_spi.c:3051:13:SPI_2linesRxISR_8BIT	16	static
stm32f4xx_hal_spi.c:3107:13:SPI_2linesTxISR_8BIT	16	static
stm32f4xx_hal_spi.c:3143:13:SPI_2linesRxISR_16BIT	16	static
stm32f4xx_hal_spi.c:3195:13:SPI_2linesTxISR_16BIT	16	static
stm32f4xx_hal_spi.c:3248:13:SPI_RxISR_8BIT	16	static
stm32f4xx_hal_spi.c:3300:13:SPI_RxISR_16BIT	16	static
stm32f4xx_hal_spi.c:3333:13:SPI_TxISR_8BIT	16	static
stm32f4xx_hal_spi.c:3358:13:SPI_TxISR_16BIT	16	static
stm32f4xx_hal_spi.c:3388:26:SPI_WaitFlagStateUntilTimeout	24	static
stm32f4xx_hal_spi.c:3438:26:SPI_EndRxTransaction	32	static
stm32f4xx_hal_spi.c:3463:26:SPI_EndRxTxTransaction	32	static
stm32f4xx_hal_spi.c:3480:13:SPI_CloseRxTx_ISR	32	static
stm32f4xx_hal_spi.c:3576:13:SPI_CloseRx_ISR	24	static
stm32f4xx_hal_spi.c:3639:13:SPI_CloseTx_ISR	32	static
stm32f4xx_hal_spi.c:3701:13:SPI_AbortRx_ISR	24	static
stm32f4xx_hal_spi.c:3735:13:SPI_AbortTx_ISR	16	static
