stm32f4xx_it.c:77:6:NMI_Handler	4	static
stm32f4xx_it.c:90:6:HardFault_Handler	4	static
stm32f4xx_it.c:105:6:MemManage_Handler	4	static
stm32f4xx_it.c:120:6:BusFault_Handler	4	static
stm32f4xx_it.c:135:6:UsageFault_Handler	4	static
stm32f4xx_it.c:150:6:SVC_Handler	4	static
stm32f4xx_it.c:163:6:DebugMon_Handler	4	static
stm32f4xx_it.c:176:6:PendSV_Handler	4	static
stm32f4xx_it.c:189:6:SysTick_Handler	8	static
stm32f4xx_it.c:210:6:EXTI0_IRQHandler	8	static
stm32f4xx_it.c:240:6:EXTI15_10_IRQHandler	8	static
stm32f4xx_it.c:264:6:OTG_FS_IRQHandler	8	static
